Archive member included because of file (symbol)

/opt/devkitppc/libogc/lib/wii/libz.a(gzio.o)
                              ../../common/files.o (gzeof)
/opt/devkitppc/libogc/lib/wii/libz.a(deflate.o)
                              /opt/devkitppc/libogc/lib/wii/libz.a(gzio.o) (deflateEnd)
/opt/devkitppc/libogc/lib/wii/libz.a(trees.o)
                              /opt/devkitppc/libogc/lib/wii/libz.a(deflate.o) (_tr_init)
/opt/devkitppc/libogc/lib/wii/libz.a(zutil.o)
                              /opt/devkitppc/libogc/lib/wii/libz.a(deflate.o) (zcfree)
/opt/devkitppc/libogc/lib/wii/libz.a(inflate.o)
                              /opt/devkitppc/libogc/lib/wii/libz.a(gzio.o) (inflateReset)
/opt/devkitppc/libogc/lib/wii/libz.a(inftrees.o)
                              /opt/devkitppc/libogc/lib/wii/libz.a(inflate.o) (inflate_table)
/opt/devkitppc/libogc/lib/wii/libz.a(inffast.o)
                              /opt/devkitppc/libogc/lib/wii/libz.a(inflate.o) (inflate_fast)
/opt/devkitppc/libogc/lib/wii/libz.a(adler32.o)
                              /opt/devkitppc/libogc/lib/wii/libz.a(deflate.o) (adler32)
/opt/devkitppc/libogc/lib/wii/libz.a(compress.o)
                              /opt/devkitppc/libogc/lib/wii/libz.a(deflate.o) (compressBound)
/opt/devkitppc/libogc/lib/wii/libz.a(crc32.o)
                              /opt/devkitppc/libogc/lib/wii/libz.a(gzio.o) (crc32)
/opt/devkitppc/libogc/lib/wii/libogc.a(system.o)
                              /opt/devkitppc/devkitPPC/bin/../lib/gcc/powerpc-gekko/4.2.4/../../../../powerpc-gekko/lib/crtmain.o (SYS_PreMain)
/opt/devkitppc/libogc/lib/wii/libogc.a(system_asm.o)
                              /opt/devkitppc/libogc/lib/wii/libogc.a(system.o) (__realmode)
/opt/devkitppc/libogc/lib/wii/libogc.a(cond.o)
                              /opt/devkitppc/libogc/lib/wii/libogc.a(system.o) (__lwp_cond_init)
/opt/devkitppc/libogc/lib/wii/libogc.a(decrementer.o)
                              /opt/devkitppc/libogc/lib/wii/libogc.a(system.o) (__decrementer_init)
/opt/devkitppc/libogc/lib/wii/libogc.a(message.o)
                              /opt/devkitppc/libogc/lib/wii/libogc.a(system.o) (__lwp_mqbox_init)
/opt/devkitppc/libogc/lib/wii/libogc.a(si.o)
                              /opt/devkitppc/libogc/lib/wii/libogc.a(system.o) (__si_init)
/opt/devkitppc/libogc/lib/wii/libogc.a(ipc.o)
                              /opt/devkitppc/libogc/lib/wii/libogc.a(system.o) (__IPC_ClntInit)
/opt/devkitppc/libogc/lib/wii/libogc.a(ogc_crt0.o)
                              (_start)
/opt/devkitppc/libogc/lib/wii/libogc.a(timesupp.o)
                              /opt/devkitppc/libogc/lib/wii/libogc.a(system.o) (gettick)
/opt/devkitppc/libogc/lib/wii/libogc.a(lock_supp.o)
                              /opt/devkitppc/libogc/lib/wii/libogc.a(system.o) (__libogc_lock_release)
/opt/devkitppc/libogc/lib/wii/libogc.a(newlibc.o)
                              /opt/devkitppc/libogc/lib/wii/libogc.a(system.o) (__libc_init)
/opt/devkitppc/libogc/lib/wii/libogc.a(sbrk.o)
                              /opt/devkitppc/libogc/lib/wii/libogc.a(system.o) (__libogc_sbrk_r)
/opt/devkitppc/libogc/lib/wii/libogc.a(malloc_lock.o)
                              /opt/devkitppc/libogc/lib/wii/libogc.a(system.o) (__libogc_malloc_lock)
/opt/devkitppc/libogc/lib/wii/libogc.a(stm.o)
                              /opt/devkitppc/libogc/lib/wii/libogc.a(system.o) (STM_RegisterEventHandler)
/opt/devkitppc/libogc/lib/wii/libogc.a(ios.o)
                              /opt/devkitppc/libogc/lib/wii/libogc.a(system.o) (__IOS_ShutdownSubsystems)
/opt/devkitppc/libogc/lib/wii/libogc.a(es.o)
                              /opt/devkitppc/libogc/lib/wii/libogc.a(ios.o) (__ES_Reset)
/opt/devkitppc/libogc/lib/wii/libogc.a(argv.o)
                              /opt/devkitppc/libogc/lib/wii/libogc.a(ogc_crt0.o) (__CheckARGV)
/opt/devkitppc/libogc/lib/wii/libogc.a(conf.o)
                              /opt/devkitppc/libogc/lib/wii/libogc.a(timesupp.o) (CONF_GetCounterBias)
/opt/devkitppc/libogc/lib/wii/libogc.a(wiilaunch.o)
                              /opt/devkitppc/libogc/lib/wii/libogc.a(system.o) (WII_ReturnToMenu)
/opt/devkitppc/libogc/lib/wii/libogc.a(lwp_priority.o)
                              /opt/devkitppc/libogc/lib/wii/libogc.a(system.o) (__lwp_priority_init)
/opt/devkitppc/libogc/lib/wii/libogc.a(lwp_threadq.o)
                              /opt/devkitppc/libogc/lib/wii/libogc.a(cond.o) (__lwp_threadqueue_first)
/opt/devkitppc/libogc/lib/wii/libogc.a(lwp_threads.o)
                              /opt/devkitppc/libogc/lib/wii/libogc.a(timesupp.o) (__lwp_thread_setstate)
/opt/devkitppc/libogc/lib/wii/libogc.a(lwp_messages.o)
                              /opt/devkitppc/libogc/lib/wii/libogc.a(message.o) (__lwpmq_close)
/opt/devkitppc/libogc/lib/wii/libogc.a(lwp.o)
                              /opt/devkitppc/libogc/lib/wii/libogc.a(system.o) (__lwp_sysinit)
/opt/devkitppc/libogc/lib/wii/libogc.a(lwp_handler.o)
[...]
Memory Configuration

Name             Origin             Length             Attributes
*default*        0x00000000         0xffffffff

Linker script and memory map

                0x00003400                . = 0x3400

.stub
 *(.stub)
                0x80004000                . = 0x80004000

.init           0x80004000      0x20c
 *crt0.o(*.init)
 .init          0x80004000      0x1e8 /opt/devkitppc/libogc/lib/wii/libogc.a(ogc_crt0.o)
                0x800041a0                _memset
                0x80004000                _start
                0x800041d0                video_line
 *(.init)
 .init          0x800041e8        0xc /opt/devkitppc/devkitPPC/bin/../lib/gcc/powerpc-gekko/4.2.4/ecrti.o
                0x800041e8                __init
 .init          0x800041f4        0x4 /opt/devkitppc/devkitPPC/bin/../lib/gcc/powerpc-gekko/4.2.4/crtbegin.o
 .init          0x800041f8        0x4 /opt/devkitppc/devkitPPC/bin/../lib/gcc/powerpc-gekko/4.2.4/crtend.o
 .init          0x800041fc       0x10 /opt/devkitppc/devkitPPC/bin/../lib/gcc/powerpc-gekko/4.2.4/ecrtn.o

.plt
 *(.plt)

.interp
 *(.interp)

.hash
 *(.hash)

.dynsym
 *(.dynsym)

.dynstr
 *(.dynstr)

.gnu.version
 *(.gnu.version)

.gnu.version_d
 *(.gnu.version_d)

.gnu.version_r
 *(.gnu.version_r)

.rel.init
 *(.rel.init)

.rela.init      0x8000420c        0x0
 *(.rela.init)
 .rela.init     0x00000000        0x0 /opt/devkitppc/devkitPPC/bin/../lib/gcc/powerpc-gekko/4.2.4/crtbegin.o

.rel.text
 *(.rel.text .rel.text.* .rel.gnu.linkonce.t.*)

.rela.text      0x8000420c        0x0
 *(.rela.text .rela.text.* .rela.gnu.linkonce.t.*)
 .rela.text     0x00000000        0x0 /opt/devkitppc/devkitPPC/bin/../lib/gcc/powerpc-gekko/4.2.4/crtbegin.o
 .rela.text.compile_sentence_end
                0x00000000        0x0 /opt/devkitppc/devkitPPC/bin/../lib/gcc/powerpc-gekko/4.2.4/crtbegin.o
 .rela.text.convert_result_type
                0x00000000        0x0 /opt/devkitppc/devkitPPC/bin/../lib/gcc/powerpc-gekko/4.2.4/crtbegin.o
 .rela.text.check_numeric_types
                0x00000000        0x0 /opt/devkitppc/devkitPPC/bin/../lib/gcc/powerpc-gekko/4.2.4/crtbegin.o
 .rela.text.check_numeric_or_string_types
                0x00000000        0x0 /opt/devkitppc/devkitPPC/bin/../lib/gcc/powerpc-gekko/4.2.4/crtbegin.o
 .rela.text.compile_sublvalue
                0x00000000        0x0 /opt/devkitppc/devkitPPC/bin/../lib/gcc/powerpc-gekko/4.2.4/crtbegin.o
 .rela.text.compile_value
                0x00000000        0x0 /opt/devkitppc/devkitPPC/bin/../lib/gcc/powerpc-gekko/4.2.4/crtbegin.o
 .rela.text.compile_factor
                0x00000000        0x0 /opt/devkitppc/devkitPPC/bin/../lib/gcc/powerpc-gekko/4.2.4/crtbegin.o
 .rela.text.compile_operand
                0x00000000        0x0 /opt/devkitppc/devkitPPC/bin/../lib/gcc/powerpc-gekko/4.2.4/crtbegin.o
 .rela.text.compile_operation
                0x00000000        0x0 /opt/devkitppc/devkitPPC/bin/../lib/gcc/powerpc-gekko/4.2.4/crtbegin.o
 .rela.text.compile_rotation
                0x00000000        0x0 /opt/devkitppc/devkitPPC/bin/../lib/gcc/powerpc-gekko/4.2.4/crtbegin.o
 .rela.text.compile_comparison_1
                0x00000000        0x0 /opt/devkitppc/devkitPPC/bin/../lib/gcc/powerpc-gekko/4.2.4/crtbegin.o
 .rela.text.compile_comparison_2
                0x00000000        0x0 /opt/devkitppc/devkitPPC/bin/../lib/gcc/powerpc-gekko/4.2.4/crtbegin.o
 .rela.text.compile_bitwise_and
                0x00000000        0x0 /opt/devkitppc/devkitPPC/bin/../lib/gcc/powerpc-gekko/4.2.4/crtbegin.o
 .rela.text.compile_bitwise_xor
                0x00000000        0x0 /opt/devkitppc/devkitPPC/bin/../lib/gcc/powerpc-gekko/4.2.4/crtbegin.o
 .rela.text.compile_bitwise_or
                0x00000000        0x0 /opt/devkitppc/devkitPPC/bin/../lib/gcc/powerpc-gekko/4.2.4/crtbegin.o
 .rela.text.compile_logical_and
                0x00000000        0x0 /opt/devkitppc/devkitPPC/bin/../lib/gcc/powerpc-gekko/4.2.4/crtbegin.o
 .rela.text.compile_logical_xor
                0x00000000        0x0 /opt/devkitppc/devkitPPC/bin/../lib/gcc/powerpc-gekko/4.2.4/crtbegin.o
 .rela.text.compile_logical_or
                0x00000000        0x0 /opt/devkitppc/devkitPPC/bin/../lib/gcc/powerpc-gekko/4.2.4/crtbegin.o
 .rela.text.compile_ternarycond
                0x00000000        0x0 /opt/devkitppc/devkitPPC/bin/../lib/gcc/powerpc-gekko/4.2.4/crtbegin.o
 .rela.text.compile_subexpresion
                0x00000000        0x0 /opt/devkitppc/devkitPPC/bin/../lib/gcc/powerpc-gekko/4.2.4/crtbegin.o
 .rela.text.compile_expresion
                0x00000000        0x0 /opt/devkitppc/devkitPPC/bin/../lib/gcc/powerpc-gekko/4.2.4/crtbegin.o
 .rela.text.compile_block
                0x00000000        0x0 /opt/devkitppc/devkitPPC/bin/../lib/gcc/powerpc-gekko/4.2.4/crtbegin.o
 .rela.text.compile_paramlist
                0x00000000        0x0 /opt/devkitppc/devkitPPC/bin/../lib/gcc/powerpc-gekko/4.2.4/crtbegin.o
 .rela.text.compile_bestproc
                0x00000000        0x0 /opt/devkitppc/devkitPPC/bin/../lib/gcc/powerpc-gekko/4.2.4/crtbegin.o
 .rela.text.compile_sizeof
                0x00000000        0x0 /opt/devkitppc/devkitPPC/bin/../lib/gcc/powerpc-gekko/4.2.4/crtbegin.o
 .rela.text.compile_cast
                0x00000000        0x0 /opt/devkitppc/devkitPPC/bin/../lib/gcc/powerpc-gekko/4.2.4/crtbegin.o
 .rela.text.compile_array_data
                0x00000000        0x0 /opt/devkitppc/devkitPPC/bin/../lib/gcc/powerpc-gekko/4.2.4/crtbegin.o
 .rela.text.compile_struct_data
                0x00000000        0x0 /opt/devkitppc/devkitPPC/bin/../lib/gcc/powerpc-gekko/4.2.4/crtbegin.o
 .rela.text.compile_varspace
                0x00000000        0x0 /opt/devkitppc/devkitPPC/bin/../lib/gcc/powerpc-gekko/4.2.4/crtbegin.o
 .rela.text.import_exists
                0x00000000        0x0 /opt/devkitppc/devkitPPC/bin/../lib/gcc/powerpc-gekko/4.2.4/crtbegin.o
 .rela.text.compile_warning
                0x00000000        0x0 /opt/devkitppc/devkitPPC/bin/../lib/gcc/powerpc-gekko/4.2.4/crtbegin.o
 .rela.text.compile_error
                0x00000000        0x0 /opt/devkitppc/devkitPPC/bin/../lib/gcc/powerpc-gekko/4.2.4/crtbegin.o
 .rela.text.compile_process
                0x00000000        0x0 /opt/devkitppc/devkitPPC/bin/../lib/gcc/powerpc-gekko/4.2.4/crtbegin.o
 .rela.text.compile_constants
                0x00000000        0x0 /opt/devkitppc/devkitPPC/bin/../lib/gcc/powerpc-gekko/4.2.4/crtbegin.o
 .rela.text.compile_type
                0x00000000        0x0 /opt/devkitppc/devkitPPC/bin/../lib/gcc/powerpc-gekko/4.2.4/crtbegin.o
 .rela.text.import_module
                0x00000000        0x0 /opt/devkitppc/devkitPPC/bin/../lib/gcc/powerpc-gekko/4.2.4/crtbegin.o
 .rela.text.compile_import
                0x00000000        0x0 /opt/devkitppc/devkitPPC/bin/../lib/gcc/powerpc-gekko/4.2.4/crtbegin.o
 .rela.text.compile_program
                0x00000000        0x0 /opt/devkitppc/devkitPPC/bin/../lib/gcc/powerpc-gekko/4.2.4/crtbegin.o
 .rela.text.compile_init
                0x00000000        0x0 /opt/devkitppc/devkitPPC/bin/../lib/gcc/powerpc-gekko/4.2.4/crtbegin.o
 .rela.text.codeblock_label_add
                0x00000000        0x0 /opt/devkitppc/devkitPPC/bin/../lib/gcc/powerpc-gekko/4.2.4/crtbegin.o
 .rela.text.codeblock_loop_alloc
                0x00000000        0x0 /opt/devkitppc/devkitPPC/bin/../lib/gcc/powerpc-gekko/4.2.4/crtbegin.o
 .rela.text.codeblock_alloc
                0x00000000        0x0 /opt/devkitppc/devkitPPC/bin/../lib/gcc/powerpc-gekko/4.2.4/crtbegin.o
 .rela.text.codeblock_add
                0x00000000        0x0 /opt/devkitppc/devkitPPC/bin/../lib/gcc/powerpc-gekko/4.2.4/crtbegin.o
 .rela.text.codeblock_init
                0x00000000        0x0 /opt/devkitppc/devkitPPC/bin/../lib/gcc/powerpc-gekko/4.2.4/crtbegin.o
 .rela.text.codeblock_postprocess
                0x00000000        0x0 /opt/devkitppc/devkitPPC/bin/../lib/gcc/powerpc-gekko/4.2.4/crtbegin.o
 .rela.text.constants_alloc
                0x00000000        0x0 /opt/devkitppc/devkitPPC/bin/../lib/gcc/powerpc-gekko/4.2.4/crtbegin.o
 .rela.text.constants_add
                0x00000000        0x0 /opt/devkitppc/devkitPPC/bin/../lib/gcc/powerpc-gekko/4.2.4/crtbegin.o
 .rela.text.dcb_varspace
                0x00000000        0x0 /opt/devkitppc/devkitPPC/bin/../lib/gcc/powerpc-gekko/4.2.4/crtbegin.o
 .rela.text.dcb_save
                0x00000000        0x0 /opt/devkitppc/devkitPPC/bin/../lib/gcc/powerpc-gekko/4.2.4/crtbegin.o
 .rela.text.err_getErrorByCode
                0x00000000        0x0 /opt/devkitppc/devkitPPC/bin/../lib/gcc/powerpc-gekko/4.2.4/crtbegin.o
 .rela.text.err_delError
                0x00000000        0x0 /opt/devkitppc/devkitPPC/bin/../lib/gcc/powerpc-gekko/4.2.4/crtbegin.o
 .rela.text.err_destroyErrorTable
                0x00000000        0x0 /opt/devkitppc/devkitPPC/bin/../lib/gcc/powerpc-gekko/4.2.4/crtbegin.o
 .rela.text.err_addError
                0x00000000        0x0 /opt/devkitppc/devkitPPC/bin/../lib/gcc/powerpc-gekko/4.2.4/crtbegin.o
 .rela.text.err_buildErrorTable
                0x00000000        0x0 /opt/devkitppc/devkitPPC/bin/../lib/gcc/powerpc-gekko/4.2.4/crtbegin.o
 .rela.text.identifier_is_basic_type
                0x00000000        0x0 /opt/devkitppc/devkitPPC/bin/../lib/gcc/powerpc-gekko/4.2.4/crtbegin.o
 .rela.text.identifier_add_as
                0x00000000        0x0 /opt/devkitppc/devkitPPC/bin/../lib/gcc/powerpc-gekko/4.2.4/crtbegin.o
 .rela.text.main
                0x00000000        0x0 /opt/devkitppc/devkitPPC/bin/../lib/gcc/powerpc-gekko/4.2.4/crtbegin.o
 .rela.text.core_init
                0x00000000        0x0 /opt/devkitppc/devkitPPC/bin/../lib/gcc/powerpc-gekko/4.2.4/crtbegin.o
 .rela.text.procdef_new
                0x00000000        0x0 /opt/devkitppc/devkitPPC/bin/../lib/gcc/powerpc-gekko/4.2.4/crtbegin.o
 .rela.text.string_alloc
                0x00000000        0x0 /opt/devkitppc/devkitPPC/bin/../lib/gcc/powerpc-gekko/4.2.4/crtbegin.o
 .rela.text.string_compile
                0x00000000        0x0 /opt/devkitppc/devkitPPC/bin/../lib/gcc/powerpc-gekko/4.2.4/crtbegin.o
 .rela.text.string_new
                0x00000000        0x0 /opt/devkitppc/devkitPPC/bin/../lib/gcc/powerpc-gekko/4.2.4/crtbegin.o
 .rela.text.token_back
                0x00000000        0x0 /opt/devkitppc/devkitPPC/bin/../lib/gcc/powerpc-gekko/4.2.4/crtbegin.o
 .rela.text.token_dump
                0x00000000        0x0 /opt/devkitppc/devkitPPC/bin/../lib/gcc/powerpc-gekko/4.2.4/crtbegin.o
 .rela.text.token_init
                0x00000000        0x0 /opt/devkitppc/devkitPPC/bin/../lib/gcc/powerpc-gekko/4.2.4/crtbegin.o
 .rela.text.load_file
                0x00000000        0x0 /opt/devkitppc/devkitPPC/bin/../lib/gcc/powerpc-gekko/4.2.4/crtbegin.o
 .rela.text.include_file
                0x00000000        0x0 /opt/devkitppc/devkitPPC/bin/../lib/gcc/powerpc-gekko/4.2.4/crtbegin.o
 .rela.text.token_next
                0x00000000        0x0 /opt/devkitppc/devkitPPC/bin/../lib/gcc/powerpc-gekko/4.2.4/crtbegin.o
 .rela.text.preprocessor_expand
                0x00000000        0x0 /opt/devkitppc/devkitPPC/bin/../lib/gcc/powerpc-gekko/4.2.4/crtbegin.o
 .rela.text.preprocessor_jumpto
                0x00000000        0x0 /opt/devkitppc/devkitPPC/bin/../lib/gcc/powerpc-gekko/4.2.4/crtbegin.o
 .rela.text.preprocessor
                0x00000000        0x0 /opt/devkitppc/devkitPPC/bin/../lib/gcc/powerpc-gekko/4.2.4/crtbegin.o
 .rela.text.mnemonic_dump
                0x00000000        0x0 /opt/devkitppc/devkitPPC/bin/../lib/gcc/powerpc-gekko/4.2.4/crtbegin.o
 .rela.text.set_c_range
                0x00000000        0x0 /opt/devkitppc/devkitPPC/bin/../lib/gcc/powerpc-gekko/4.2.4/crtbegin.o
 .rela.text.set_c_from
                0x00000000        0x0 /opt/devkitppc/devkitPPC/bin/../lib/gcc/powerpc-gekko/4.2.4/crtbegin.o
 .rela.text.set_c_as
                0x00000000        0x0 /opt/devkitppc/devkitPPC/bin/../lib/gcc/powerpc-gekko/4.2.4/crtbegin.o
 .rela.text.set_c_upper
                0x00000000        0x0 /opt/devkitppc/devkitPPC/bin/../lib/gcc/powerpc-gekko/4.2.4/crtbegin.o
 .rela.text.set_c_lower
                0x00000000        0x0 /opt/devkitppc/devkitPPC/bin/../lib/gcc/powerpc-gekko/4.2.4/crtbegin.o
 .rela.text.init_c_type
                0x00000000        0x0 /opt/devkitppc/devkitPPC/bin/../lib/gcc/powerpc-gekko/4.2.4/crtbegin.o
 .rela.text.gzerror
                0x00000000        0x0 /opt/devkitppc/devkitPPC/bin/../lib/gcc/powerpc-gekko/4.2.4/crtbegin.o
 .rela.text.deflate
                0x00000000        0x0 /opt/devkitppc/devkitPPC/bin/../lib/gcc/powerpc-gekko/4.2.4/crtbegin.o
 .rela.text.deflate_slow
                0x00000000        0x0 /opt/devkitppc/devkitPPC/bin/../lib/gcc/powerpc-gekko/4.2.4/crtbegin.o
 .rela.text.deflate_fast
                0x00000000        0x0 /opt/devkitppc/devkitPPC/bin/../lib/gcc/powerpc-gekko/4.2.4/crtbegin.o
 .rela.text.deflateInit2_
                0x00000000        0x0 /opt/devkitppc/devkitPPC/bin/../lib/gcc/powerpc-gekko/4.2.4/crtbegin.o
 .rela.text.__sram_sync
                0x00000000        0x0 /opt/devkitppc/devkitPPC/bin/../lib/gcc/powerpc-gekko/4.2.4/crtbegin.o
 .rela.text.__locksram
                0x00000000        0x0 /opt/devkitppc/devkitPPC/bin/../lib/gcc/powerpc-gekko/4.2.4/crtbegin.o
 .rela.text.__sram_init
                0x00000000        0x0 /opt/devkitppc/devkitPPC/bin/../lib/gcc/powerpc-gekko/4.2.4/crtbegin.o
 .rela.text.SYS_Init
                0x00000000        0x0 /opt/devkitppc/devkitPPC/bin/../lib/gcc/powerpc-gekko/4.2.4/crtbegin.o
 .rela.text.__unlocksram
                0x00000000        0x0 /opt/devkitppc/devkitPPC/bin/../lib/gcc/powerpc-gekko/4.2.4/crtbegin.o
 .rela.text.__sram_writecallback
                0x00000000        0x0 /opt/devkitppc/devkitPPC/bin/../lib/gcc/powerpc-gekko/4.2.4/crtbegin.o
 .rela.text.SYS_CancelAlarm
                0x00000000        0x0 /opt/devkitppc/devkitPPC/bin/../lib/gcc/powerpc-gekko/4.2.4/crtbegin.o
 .rela.text.SYS_RemoveAlarm
                0x00000000        0x0 /opt/devkitppc/devkitPPC/bin/../lib/gcc/powerpc-gekko/4.2.4/crtbegin.o
 .rela.text.SYS_SetAlarm
                0x00000000        0x0 /opt/devkitppc/devkitPPC/bin/../lib/gcc/powerpc-gekko/4.2.4/crtbegin.o
 .rela.text.__sys_alarmhandler
                0x00000000        0x0 /opt/devkitppc/devkitPPC/bin/../lib/gcc/powerpc-gekko/4.2.4/crtbegin.o
 .rela.text.SYS_SetPeriodicAlarm
                0x00000000        0x0 /opt/devkitppc/devkitPPC/bin/../lib/gcc/powerpc-gekko/4.2.4/crtbegin.o
 .rela.text.__lwp_cond_init
                0x00000000        0x0 /opt/devkitppc/devkitPPC/bin/../lib/gcc/powerpc-gekko/4.2.4/crtbegin.o
 .rela.text.LWP_CondDestroy
                0x00000000        0x0 /opt/devkitppc/devkitPPC/bin/../lib/gcc/powerpc-gekko/4.2.4/crtbegin.o
 .rela.text.LWP_CondInit
                0x00000000        0x0 /opt/devkitppc/devkitPPC/bin/../lib/gcc/powerpc-gekko/4.2.4/crtbegin.o
 .rela.text.__lwp_cond_signalsupp
                0x00000000        0x0 /opt/devkitppc/devkitPPC/bin/../lib/gcc/powerpc-gekko/4.2.4/crtbegin.o
 .rela.text.__lwp_cond_waitsupp
                0x00000000        0x0 /opt/devkitppc/devkitPPC/bin/../lib/gcc/powerpc-gekko/4.2.4/crtbegin.o
 .rela.text.c_decrementer_handler
                0x00000000        0x0 /opt/devkitppc/devkitPPC/bin/../lib/gcc/powerpc-gekko/4.2.4/crtbegin.o
 .rela.text.__lwp_mqbox_init
                0x00000000        0x0 /opt/devkitppc/devkitPPC/bin/../lib/gcc/powerpc-gekko/4.2.4/crtbegin.o
 .rela.text.MQ_Close
                0x00000000        0x0 /opt/devkitppc/devkitPPC/bin/../lib/gcc/powerpc-gekko/4.2.4/crtbegin.o
 .rela.text.MQ_Init
                0x00000000        0x0 /opt/devkitppc/devkitPPC/bin/../lib/gcc/powerpc-gekko/4.2.4/crtbegin.o
 .rela.text.MQ_Jam
                0x00000000        0x0 /opt/devkitppc/devkitPPC/bin/../lib/gcc/powerpc-gekko/4.2.4/crtbegin.o
 .rela.text.MQ_Receive
                0x00000000        0x0 /opt/devkitppc/devkitPPC/bin/../lib/gcc/powerpc-gekko/4.2.4/crtbegin.o
 .rela.text.MQ_Send
                0x00000000        0x0 /opt/devkitppc/devkitPPC/bin/../lib/gcc/powerpc-gekko/4.2.4/crtbegin.o
 .rela.text.__ios_ioctlvformat_parse
                0x00000000        0x0 /opt/devkitppc/devkitPPC/bin/../lib/gcc/powerpc-gekko/4.2.4/crtbegin.o
 .rela.text.__ioctlvfmtCB
                0x00000000        0x0 /opt/devkitppc/devkitPPC/bin/../lib/gcc/powerpc-gekko/4.2.4/crtbegin.o
 .rela.text.IOS_IoctlvFormatAsync
                0x00000000        0x0 /opt/devkitppc/devkitPPC/bin/../lib/gcc/powerpc-gekko/4.2.4/crtbegin.o
 .rela.text.IOS_IoctlvFormat
                0x00000000        0x0 /opt/devkitppc/devkitPPC/bin/../lib/gcc/powerpc-gekko/4.2.4/crtbegin.o
 .rela.text.nanosleep
                0x00000000        0x0 /opt/devkitppc/devkitPPC/bin/../lib/gcc/powerpc-gekko/4.2.4/crtbegin.o
 .rela.text.__libc_init
                0x00000000        0x0 /opt/devkitppc/devkitPPC/bin/../lib/gcc/powerpc-gekko/4.2.4/crtbegin.o
 .rela.text.__libc_wrapup
                0x00000000        0x0 /opt/devkitppc/devkitPPC/bin/../lib/gcc/powerpc-gekko/4.2.4/crtbegin.o
 .rela.text.__libc_delete_hook
                0x00000000        0x0 /opt/devkitppc/devkitPPC/bin/../lib/gcc/powerpc-gekko/4.2.4/crtbegin.o
 .rela.text.__libogc_sbrk_r
                0x00000000        0x0 /opt/devkitppc/devkitPPC/bin/../lib/gcc/powerpc-gekko/4.2.4/crtbegin.o
 .rela.text.__CheckARGV
                0x00000000        0x0 /opt/devkitppc/devkitPPC/bin/../lib/gcc/powerpc-gekko/4.2.4/crtbegin.o
 .rela.text.__lwp_priority_init
                0x00000000        0x0 /opt/devkitppc/devkitPPC/bin/../lib/gcc/powerpc-gekko/4.2.4/crtbegin.o
 .rela.text.__lwp_threadqueue_extractpriority
                0x00000000        0x0 /opt/devkitppc/devkitPPC/bin/../lib/gcc/powerpc-gekko/4.2.4/crtbegin.o
 .rela.text.__lwp_threadqueue_extractfifo
                0x00000000        0x0 /opt/devkitppc/devkitPPC/bin/../lib/gcc/powerpc-gekko/4.2.4/crtbegin.o
 .rela.text.__lwp_threadqueue_dequeuepriority
                0x00000000        0x0 /opt/devkitppc/devkitPPC/bin/../lib/gcc/powerpc-gekko/4.2.4/crtbegin.o
 .rela.text.__lwp_threadqueue_enqueuepriority
                0x00000000        0x0 /opt/devkitppc/devkitPPC/bin/../lib/gcc/powerpc-gekko/4.2.4/crtbegin.o
 .rela.text.__lwp_threadqueue_dequeuefifo
                0x00000000        0x0 /opt/devkitppc/devkitPPC/bin/../lib/gcc/powerpc-gekko/4.2.4/crtbegin.o
 .rela.text.__lwp_threadqueue_enqueuefifo
                0x00000000        0x0 /opt/devkitppc/devkitPPC/bin/../lib/gcc/powerpc-gekko/4.2.4/crtbegin.o
 .rela.text.__lwp_threadqueue_enqueue
                0x00000000        0x0 /opt/devkitppc/devkitPPC/bin/../lib/gcc/powerpc-gekko/4.2.4/crtbegin.o
 .rela.text.__lwp_rotate_readyqueue
                0x00000000        0x0 /opt/devkitppc/devkitPPC/bin/../lib/gcc/powerpc-gekko/4.2.4/crtbegin.o
 .rela.text.__lwp_thread_setstate
                0x00000000        0x0 /opt/devkitppc/devkitPPC/bin/../lib/gcc/powerpc-gekko/4.2.4/crtbegin.o
 .rela.text.__lwp_thread_setpriority
                0x00000000        0x0 /opt/devkitppc/devkitPPC/bin/../lib/gcc/powerpc-gekko/4.2.4/crtbegin.o
 .rela.text.__lwp_thread_ready
                0x00000000        0x0 /opt/devkitppc/devkitPPC/bin/../lib/gcc/powerpc-gekko/4.2.4/crtbegin.o
 .rela.text.__lwp_thread_close
                0x00000000        0x0 /opt/devkitppc/devkitPPC/bin/../lib/gcc/powerpc-gekko/4.2.4/crtbegin.o
 .rela.text.__lwp_thread_closeall
                0x00000000        0x0 /opt/devkitppc/devkitPPC/bin/../lib/gcc/powerpc-gekko/4.2.4/crtbegin.o
 .rela.text.__lwp_thread_stopmultitasking
                0x00000000        0x0 /opt/devkitppc/devkitPPC/bin/../lib/gcc/powerpc-gekko/4.2.4/crtbegin.o
 .rela.text.__lwp_thread_changepriority
                0x00000000        0x0 /opt/devkitppc/devkitPPC/bin/../lib/gcc/powerpc-gekko/4.2.4/crtbegin.o
 .rela.text.__lwp_thread_coreinit
                0x00000000        0x0 /opt/devkitppc/devkitPPC/bin/../lib/gcc/powerpc-gekko/4.2.4/crtbegin.o
 .rela.text.__lwp_thread_suspend
                0x00000000        0x0 /opt/devkitppc/devkitPPC/bin/../lib/gcc/powerpc-gekko/4.2.4/crtbegin.o
 .rela.text.__lwp_thread_startmultitasking
                0x00000000        0x0 /opt/devkitppc/devkitPPC/bin/../lib/gcc/powerpc-gekko/4.2.4/crtbegin.o
 .rela.text.__lwp_thread_tickle_timeslice
                0x00000000        0x0 /opt/devkitppc/devkitPPC/bin/../lib/gcc/powerpc-gekko/4.2.4/crtbegin.o
 .rela.text.__lwpmq_close
                0x00000000        0x0 /opt/devkitppc/devkitPPC/bin/../lib/gcc/powerpc-gekko/4.2.4/crtbegin.o
 .rela.text.__lwpmq_initialize
                0x00000000        0x0 /opt/devkitppc/devkitPPC/bin/../lib/gcc/powerpc-gekko/4.2.4/crtbegin.o
 .rela.text.__lwp_thread_context
                0x00000000        0x0 /opt/devkitppc/devkitPPC/bin/../lib/gcc/powerpc-gekko/4.2.4/crtbegin.o
 .rela.text.__lwp_thread_exists
                0x00000000        0x0 /opt/devkitppc/devkitPPC/bin/../lib/gcc/powerpc-gekko/4.2.4/crtbegin.o
 .rela.text.__lwp_thread_isalive
                0x00000000        0x0 /opt/devkitppc/devkitPPC/bin/../lib/gcc/powerpc-gekko/4.2.4/crtbegin.o
 .rela.text.__lwp_sysinit
                0x00000000        0x0 /opt/devkitppc/devkitPPC/bin/../lib/gcc/powerpc-gekko/4.2.4/crtbegin.o
 .rela.text.LWP_ThreadSignal
                0x00000000        0x0 /opt/devkitppc/devkitPPC/bin/../lib/gcc/powerpc-gekko/4.2.4/crtbegin.o
 .rela.text.LWP_ThreadBroadcast
                0x00000000        0x0 /opt/devkitppc/devkitPPC/bin/../lib/gcc/powerpc-gekko/4.2.4/crtbegin.o
 .rela.text.LWP_ThreadSleep
                0x00000000        0x0 /opt/devkitppc/devkitPPC/bin/../lib/gcc/powerpc-gekko/4.2.4/crtbegin.o
 .rela.text.LWP_CloseQueue
                0x00000000        0x0 /opt/devkitppc/devkitPPC/bin/../lib/gcc/powerpc-gekko/4.2.4/crtbegin.o
 .rela.text.LWP_InitQueue
                0x00000000        0x0 /opt/devkitppc/devkitPPC/bin/../lib/gcc/powerpc-gekko/4.2.4/crtbegin.o
 .rela.text.LWP_JoinThread
                0x00000000        0x0 /opt/devkitppc/devkitPPC/bin/../lib/gcc/powerpc-gekko/4.2.4/crtbegin.o
 .rela.text.LWP_ThreadIsSuspended
                0x00000000        0x0 /opt/devkitppc/devkitPPC/bin/../lib/gcc/powerpc-gekko/4.2.4/crtbegin.o
 .rela.text.LWP_SetThreadPriority
                0x00000000        0x0 /opt/devkitppc/devkitPPC/bin/../lib/gcc/powerpc-gekko/4.2.4/crtbegin.o
 .rela.text.LWP_ResumeThread
                0x00000000        0x0 /opt/devkitppc/devkitPPC/bin/../lib/gcc/powerpc-gekko/4.2.4/crtbegin.o
 .rela.text.LWP_SuspendThread
                0x00000000        0x0 /opt/devkitppc/devkitPPC/bin/../lib/gcc/powerpc-gekko/4.2.4/crtbegin.o
 .rela.text.LWP_CreateThread
                0x00000000        0x0 /opt/devkitppc/devkitPPC/bin/../lib/gcc/powerpc-gekko/4.2.4/crtbegin.o
 .rela.text.__lwp_stack_free
                0x00000000        0x0 /opt/devkitppc/devkitPPC/bin/../lib/gcc/powerpc-gekko/4.2.4/crtbegin.o
 .rela.text.__lwp_stack_allocate
                0x00000000        0x0 /opt/devkitppc/devkitPPC/bin/../lib/gcc/powerpc-gekko/4.2.4/crtbegin.o
 .rela.text.__lwp_watchdog_init
                0x00000000        0x0 /opt/devkitppc/devkitPPC/bin/../lib/gcc/powerpc-gekko/4.2.4/crtbegin.o
 .rela.text.__lwp_wd_tickle
                0x00000000        0x0 /opt/devkitppc/devkitPPC/bin/../lib/gcc/powerpc-gekko/4.2.4/crtbegin.o
 .rela.text.__lwp_wkspace_init
                0x00000000        0x0 /opt/devkitppc/devkitPPC/bin/../lib/gcc/powerpc-gekko/4.2.4/crtbegin.o
 .rela.text.__lwp_wkspace_heapused
                0x00000000        0x0 /opt/devkitppc/devkitPPC/bin/../lib/gcc/powerpc-gekko/4.2.4/crtbegin.o
 .rela.text.__lwp_wkspace_heapfree
                0x00000000        0x0 /opt/devkitppc/devkitPPC/bin/../lib/gcc/powerpc-gekko/4.2.4/crtbegin.o
 .rela.text.__lwp_objmgr_initinfo
                0x00000000        0x0 /opt/devkitppc/devkitPPC/bin/../lib/gcc/powerpc-gekko/4.2.4/crtbegin.o
 .rela.text.__exception_sethandler
                0x00000000        0x0 /opt/devkitppc/devkitPPC/bin/../lib/gcc/powerpc-gekko/4.2.4/crtbegin.o
 .rela.text.__exception_init
                0x00000000        0x0 /opt/devkitppc/devkitPPC/bin/../lib/gcc/powerpc-gekko/4.2.4/crtbegin.o
 .rela.text.__systemcall_init
                0x00000000        0x0 /opt/devkitppc/devkitPPC/bin/../lib/gcc/powerpc-gekko/4.2.4/crtbegin.o
 .rela.text.__irq_init
                0x00000000        0x0 /opt/devkitppc/devkitPPC/bin/../lib/gcc/powerpc-gekko/4.2.4/crtbegin.o
 .rela.text.__lwp_sema_init
                0x00000000        0x0 /opt/devkitppc/devkitPPC/bin/../lib/gcc/powerpc-gekko/4.2.4/crtbegin.o
 .rela.text.LWP_SemInit
                0x00000000        0x0 /opt/devkitppc/devkitPPC/bin/../lib/gcc/powerpc-gekko/4.2.4/crtbegin.o
 .rela.text.LWP_SemDestroy
                0x00000000        0x0 /opt/devkitppc/devkitPPC/bin/../lib/gcc/powerpc-gekko/4.2.4/crtbegin.o
 .rela.text.LWP_SemPost
                0x00000000        0x0 /opt/devkitppc/devkitPPC/bin/../lib/gcc/powerpc-gekko/4.2.4/crtbegin.o
 .rela.text.LWP_SemWait
                0x00000000        0x0 /opt/devkitppc/devkitPPC/bin/../lib/gcc/powerpc-gekko/4.2.4/crtbegin.o
 .rela.text.LWP_MutexInit
                0x00000000        0x0 /opt/devkitppc/devkitPPC/bin/../lib/gcc/powerpc-gekko/4.2.4/crtbegin.o
 .rela.text.__lwp_mutex_init
                0x00000000        0x0 /opt/devkitppc/devkitPPC/bin/../lib/gcc/powerpc-gekko/4.2.4/crtbegin.o
 .rela.text.LWP_MutexDestroy
                0x00000000        0x0 /opt/devkitppc/devkitPPC/bin/../lib/gcc/powerpc-gekko/4.2.4/crtbegin.o
 .rela.text.__lwp_mutex_locksupp
                0x00000000        0x0 /opt/devkitppc/devkitPPC/bin/../lib/gcc/powerpc-gekko/4.2.4/crtbegin.o
 .rela.text.LWP_MutexUnlock
                0x00000000        0x0 /opt/devkitppc/devkitPPC/bin/../lib/gcc/powerpc-gekko/4.2.4/crtbegin.o
 .rela.text.kprintf
                0x00000000        0x0 /opt/devkitppc/devkitPPC/bin/../lib/gcc/powerpc-gekko/4.2.4/crtbegin.o
 .rela.text.CON_EnableGecko
                0x00000000        0x0 /opt/devkitppc/devkitPPC/bin/../lib/gcc/powerpc-gekko/4.2.4/crtbegin.o
 .rela.text.__console_init
                0x00000000        0x0 /opt/devkitppc/devkitPPC/bin/../lib/gcc/powerpc-gekko/4.2.4/crtbegin.o
 .rela.text.__console_init_ex
                0x00000000        0x0 /opt/devkitppc/devkitPPC/bin/../lib/gcc/powerpc-gekko/4.2.4/crtbegin.o

.rel.fini
 *(.rel.fini)

.rela.fini
 *(.rela.fini)

.rel.rodata
 *(.rel.rodata .rel.rodata.* .rel.gnu.linkonce.r.*)

.rela.rodata    0x8000420c        0x0
 *(.rela.rodata .rela.rodata.* .rela.gnu.linkonce.r.*)
 .rela.rodata.cst4
                0x00000000        0x0 /opt/devkitppc/devkitPPC/bin/../lib/gcc/powerpc-gekko/4.2.4/crtbegin.o
 .rela.rodata.C.41.4718
                0x00000000        0x0 /opt/devkitppc/devkitPPC/bin/../lib/gcc/powerpc-gekko/4.2.4/crtbegin.o
 .rela.rodata.C.109.4979
                0x00000000        0x0 /opt/devkitppc/devkitPPC/bin/../lib/gcc/powerpc-gekko/4.2.4/crtbegin.o
 .rela.rodata.C.103.4969
                0x00000000        0x0 /opt/devkitppc/devkitPPC/bin/../lib/gcc/powerpc-gekko/4.2.4/crtbegin.o
 .rela.rodata.C.106.4974
                0x00000000        0x0 /opt/devkitppc/devkitPPC/bin/../lib/gcc/powerpc-gekko/4.2.4/crtbegin.o
 .rela.rodata.C.39.4714
                0x00000000        0x0 /opt/devkitppc/devkitPPC/bin/../lib/gcc/powerpc-gekko/4.2.4/crtbegin.o

.rel.data
 *(.rel.data .rel.data.* .rel.gnu.linkonce.d.*)

.rela.data
 *(.rela.data .rela.data.* .rela.gnu.linkonce.d.*)

.rel.tdata
 *(.rel.tdata .rel.tdata.* .rel.gnu.linkonce.td.*)

.rela.tdata
 *(.rela.tdata .rela.tdata.* .rela.gnu.linkonce.td.*)

.rel.tbss
 *(.rel.tbss .rel.tbss.* .rel.gnu.linkonce.tb.*)

.rela.tbss
 *(.rela.tbss .rela.tbss.* .rela.gnu.linkonce.tb.*)

.rel.ctors
 *(.rel.ctors)

.rela.ctors
 *(.rela.ctors)

.rel.dtors
 *(.rel.dtors)

.rela.dtors
 *(.rela.dtors)

.rel.got
 *(.rel.got)

.rela.got
 *(.rela.got)

.rela.got1
 *(.rela.got1)

.rela.got2      0x8000420c        0x0
 *(.rela.got2)
 .rela.got2     0x00000000        0x0 /opt/devkitppc/devkitPPC/bin/../lib/gcc/powerpc-gekko/4.2.4/crtbegin.o

.rel.sdata
 *(.rel.sdata .rel.sdata.* .rel.gnu.linkonce.s.*)

.rela.sdata
 *(.rela.sdata .rela.sdata.* .rela.gnu.linkonce.s.*)

.rel.sbss
 *(.rel.sbss .rel.sbss.* .rel.gnu.linkonce.sb.*)

.rela.sbss
 *(.rela.sbss .rela.sbss.* .rel.gnu.linkonce.sb.*)

.rel.sdata2
 *(.rel.sdata2 .rel.sdata2.* .rel.gnu.linkonce.s2.*)

.rela.sdata2    0x8000420c        0x0
 *(.rela.sdata2 .rela.sdata2.* .rela.gnu.linkonce.s2.*)
 .rela.sdata2.__sys_inIPL
                0x00000000        0x0 /opt/devkitppc/devkitPPC/bin/../lib/gcc/powerpc-gekko/4.2.4/crtbegin.o

.rel.sbss2
 *(.rel.sbss2 .rel.sbss2.* .rel.gnu.linkonce.sb2.*)

.rela.sbss2
 *(.rela.sbss2 .rela.sbss2.* .rela.gnu.linkonce.sb2.*)

.rel.bss
 *(.rel.bss .rel.bss.* .rel.gnu.linkonce.b.*)

.rela.bss
 *(.rela.bss .rela.bss.* .rela.gnu.linkonce.b.*)

.rel.plt
 *(.rel.plt)

.rela.plt
 *(.rela.plt)

.text           0x80004220    0x4d6e0
 *(.text)
 .text          0x80004220      0x140 /opt/devkitppc/devkitPPC/bin/../lib/gcc/powerpc-gekko/4.2.4/crtbegin.o
 .text          0x80004360       0x48 /opt/devkitppc/devkitPPC/bin/../lib/gcc/powerpc-gekko/4.2.4/../../../../powerpc-gekko/lib/crtmain.o
                0x80004364                __crtmain
 .text          0x800043a8      0x518 /opt/devkitppc/libogc/lib/wii/libogc.a(system_asm.o)
                0x80004578                __configMEM1_48Mb
                0x80004808                __reset
                0x800043a8                __realmode
                0x800046ec                __CacheInit
                0x800045ec                __configMEM2_64Mb
                0x80004750                __SystemInit
                0x80004650                __configMEM2_128Mb
                0x80004504                __configMEM1_24Mb
                0x800046b4                __PSInit
                0x800048a8                InitBATS
                0x800043c0                __configBATS
                0x800047d4                __flush_cache
                0x80004878                SYS_SwitchFiber
 .text          0x800048c0      0x4ec /opt/devkitppc/libogc/lib/wii/libogc.a(lwp_handler.o)
                0x80004a00                _cpu_context_restore_fp
                0x80004cc0                _cpu_context_save
                0x800048c0                _cpu_context_save_fp
                0x80004b40                _cpu_context_switch
                0x80004d40                _cpu_context_restore
 .text          0x80004dac      0x1b0 /opt/devkitppc/libogc/lib/wii/libogc.a(irq_handler.o)
                0x80004dac                irq_exceptionhandler
 .text          0x80004f5c      0x4d8 /opt/devkitppc/libogc/lib/wii/libogc.a(cache_asm.o)
                0x80005238                L2Disable
                0x80004fc0                DCBlockZero
                0x80005078                DCFlushRangeNoSync
                0x800051cc                ICBlockInvalidate
                0x80004f5c                DCFlashInvalidate
                0x80004fc8                DCBlockStore
                0x800050d8                DCZeroRange
                0x800053ec                LCLoadBlocks
                0x80004fb8                DCTouchLoad
                0x800053ac                LCAllocTags
                0x80005194                ICDisable
                0x80005180                ICEnable
                0x80005250                L2GlobalInvalidate
                0x80005410                LCStoreBlocks
                0x80005170                ICFlashInvalidate
                0x80005108                DCTouchRange
                0x800050a8                DCStoreRangeNoSync
                0x800051a8                ICFreeze
                0x80004f80                DCDisable
                0x80004fd0                DCBlockFlush
                0x80004f6c                DCEnable
                0x80005224                L2Enable
                0x800052a8                __LCEnable
                0x80004fe0                DCInvalidateRange
                0x80005398                LCAllocOneTag
                0x80004fa8                DCUnfreeze
                0x80005138                ICInvalidateRange
                0x80005010                DCFlushRange
                0x800051d4                ICSync
                0x80004fd8                DCBlockInvalidate
                0x80004f94                DCFreeze
                0x800051dc                L2Init
                0x800051bc                ICUnfreeze
                0x80005044                DCStoreRange
                0x80005370                LCDisable
 .text          0x80005434      0x1b0 /opt/devkitppc/libogc/lib/wii/libogc.a(decrementer_handler.o)
                0x80005434                dec_exceptionhandler
 .text          0x800055e4      0x35c /opt/devkitppc/libogc/lib/wii/libogc.a(exception_handler.o)
                0x800055e4                exceptionhandler_start
                0x80005698                default_exceptionhandler
                0x8000593c                systemcallhandler_end
                0x80005910                systemcallhandler_start
                0x80005694                exceptionhandler_end
                0x80005660                exceptionhandler_patch
                0x800057d8                fpu_exceptionhandler
 .text          0x80005940      0x408 /opt/devkitppc/devkitPPC/bin/../lib/gcc/powerpc-gekko/4.2.4/libgcc.a(_udivdi3.o)
                0x80005940                __udivdi3
 .text          0x80005d48       0x28 /opt/devkitppc/devkitPPC/bin/../lib/gcc/powerpc-gekko/4.2.4/../../../../powerpc-gekko/lib/libsysbase.a(abort.o)
                0x80005d48                abort
 .text          0x80005d70      0x2c4 /opt/devkitppc/devkitPPC/bin/../lib/gcc/powerpc-gekko/4.2.4/../../../../powerpc-gekko/lib/libsysbase.a(iosupport.o)
                0x80005fe4                RemoveDevice
                0x80005d70                setDefaultDevice
                0x80005d88                AddDevice
                0x80005fa0                GetDeviceOpTab
                0x80005eb0                FindDevice
 .text          0x80006034       0x28 /opt/devkitppc/devkitPPC/bin/../lib/gcc/powerpc-gekko/4.2.4/../../../../powerpc-gekko/lib/libsysbase.a(_exit.o)
                0x80006034                _exit
 .text          0x8000605c      0x510 /opt/devkitppc/devkitPPC/bin/../lib/gcc/powerpc-gekko/4.2.4/../../../../powerpc-gekko/lib/libsysbase.a(chdir.o)
                0x800063e4                chdir
                0x8000605c                getcwd
                0x80006140                _concatenate_path
 .text          0x8000656c       0x9c /opt/devkitppc/devkitPPC/bin/../lib/gcc/powerpc-gekko/4.2.4/../../../../powerpc-gekko/lib/libsysbase.a(build_argv.o)
                0x8000656c                build_argv
 .text          0x80006608      0x168 /opt/devkitppc/devkitPPC/bin/../lib/gcc/powerpc-gekko/4.2.4/../../../../powerpc-gekko/lib/libsysbase.a(syscall_support.o)
                0x8000673c                __malloc_unlock
                0x80006688                __libc_lock_release
                0x80006608                __libc_lock_init
                0x80006708                __malloc_lock
                0x80006648                __libc_lock_close
                0x800066c8                __libc_lock_acquire
 .text          0x80006770       0x78 /opt/devkitppc/devkitPPC/bin/../lib/gcc/powerpc-gekko/4.2.4/../../../../powerpc-gekko/lib/libc.a(lib_a-assert.o)
                0x80006770                __assert_func
                0x800067d0                __assert
 .text          0x800067e8       0x24 /opt/devkitppc/devkitPPC/bin/../lib/gcc/powerpc-gekko/4.2.4/../../../../powerpc-gekko/lib/libc.a(lib_a-atof.o)
                0x800067e8                atof
 .text          0x8000680c       0x50 /opt/devkitppc/devkitPPC/bin/../lib/gcc/powerpc-gekko/4.2.4/../../../../powerpc-gekko/lib/libc.a(lib_a-atoi.o)
                0x8000680c                _atoi_r
                0x80006834                atoi
 .text          0x8000685c       0x34 /opt/devkitppc/devkitPPC/bin/../lib/gcc/powerpc-gekko/4.2.4/../../../../powerpc-gekko/lib/libc.a(lib_a-calloc.o)
                0x8000685c                calloc
 .text          0x80006890       0xd0 /opt/devkitppc/devkitPPC/bin/../lib/gcc/powerpc-gekko/4.2.4/../../../../powerpc-gekko/lib/libc.a(lib_a-callocr.o)
                0x80006890                _calloc_r
 .text          0x80006960        0xc /opt/devkitppc/devkitPPC/bin/../lib/gcc/powerpc-gekko/4.2.4/../../../../powerpc-gekko/lib/libc.a(lib_a-errno.o)
                0x80006960                __errno
 .text          0x8000696c       0x40 /opt/devkitppc/devkitPPC/bin/../lib/gcc/powerpc-gekko/4.2.4/../../../../powerpc-gekko/lib/libc.a(lib_a-exit.o)
                0x8000696c                exit
 .text          0x800069ac      0x188 /opt/devkitppc/devkitPPC/bin/../lib/gcc/powerpc-gekko/4.2.4/../../../../powerpc-gekko/lib/libc.a(lib_a-fclose.o)
                0x800069ac                _fclose_r
                0x80006b24                fclose
 .text          0x80006b34       0xec /opt/devkitppc/devkitPPC/bin/../lib/gcc/powerpc-gekko/4.2.4/../../../../powerpc-gekko/lib/libc.a(lib_a-fdopen.o)
                0x80006b34                _fdopen_r
                0x80006c08                fdopen
 .text          0x80006c20      0x350 /opt/devkitppc/devkitPPC/bin/../lib/gcc/powerpc-gekko/4.2.4/../../../../powerpc-gekko/lib/libc.a(lib_a-fflush.o)
                0x80006f20                fflush
                0x80006c20                _fflush_r
 .text          0x80006f70      0x22c /opt/devkitppc/devkitPPC/bin/../lib/gcc/powerpc-gekko/4.2.4/../../../../powerpc-gekko/lib/libc.a(lib_a-fgets.o)
                0x8000717c                fgets
                0x80006f70                _fgets_r
 .text          0x8000719c      0x4ac /opt/devkitppc/devkitPPC/bin/../lib/gcc/powerpc-gekko/4.2.4/../../../../powerpc-gekko/lib/libc.a(lib_a-findfp.o)
                0x80007388                __sinit
                0x800074a8                __sfmoreglue
                0x800071c4                _cleanup
                0x8000719c                _cleanup_r
                0x80007474                __fp_lock_all
                0x80007424                __sfp_lock_acquire
                0x80007520                __sfp
                0x80007230                __sinit_lock_release
                0x80007284                __fp_unlock_all
                0x80007258                __sfp_lock_release
                0x8000733c                __sinit_lock_acquire
 .text          0x80007648      0x110 /opt/devkitppc/devkitPPC/bin/../lib/gcc/powerpc-gekko/4.2.4/../../../../powerpc-gekko/lib/libc.a(lib_a-fiprintf.o)
                0x800076dc                _fiprintf_r
                0x80007648                fiprintf
 .text          0x80007758       0xa4 /opt/devkitppc/devkitPPC/bin/../lib/gcc/powerpc-gekko/4.2.4/../../../../powerpc-gekko/lib/libc.a(lib_a-flags.o)
                0x80007758                __sflags
 .text          0x800077fc      0x154 /opt/devkitppc/devkitPPC/bin/../lib/gcc/powerpc-gekko/4.2.4/../../../../powerpc-gekko/lib/libc.a(lib_a-fopen.o)
                0x80007938                fopen
                0x800077fc                _fopen_r
 .text          0x80007950      0x110 /opt/devkitppc/devkitPPC/bin/../lib/gcc/powerpc-gekko/4.2.4/../../../../powerpc-gekko/lib/libc.a(lib_a-fprintf.o)
                0x80007950                fprintf
                0x800079e4                _fprintf_r
 .text          0x80007a60      0x144 /opt/devkitppc/devkitPPC/bin/../lib/gcc/powerpc-gekko/4.2.4/../../../../powerpc-gekko/lib/libc.a(lib_a-fputc.o)
                0x80007b08                _fputc_r
                0x80007a60                fputc
 .text          0x80007ba4      0x3c0 /opt/devkitppc/devkitPPC/bin/../lib/gcc/powerpc-gekko/4.2.4/../../../../powerpc-gekko/lib/libc.a(lib_a-fread.o)
                0x80007f3c                fread
                0x80007ba4                _fread_r
 .text          0x80007f64      0x3f8 /opt/devkitppc/devkitPPC/bin/../lib/gcc/powerpc-gekko/4.2.4/../../../../powerpc-gekko/lib/libc.a(lib_a-freer.o)
                0x80008080                _free_r
                0x80007f64                _malloc_trim_r
 .text          0x8000835c      0x704 /opt/devkitppc/devkitPPC/bin/../lib/gcc/powerpc-gekko/4.2.4/../../../../powerpc-gekko/lib/libc.a(lib_a-fseek.o)
                0x80008a40                fseek
                0x8000835c                _fseek_r
 .text          0x80008a60      0x1e4 /opt/devkitppc/devkitPPC/bin/../lib/gcc/powerpc-gekko/4.2.4/../../../../powerpc-gekko/lib/libc.a(lib_a-ftell.o)
                0x80008c34                ftell
                0x80008a60                _ftell_r
 .text          0x80008c44      0x20c /opt/devkitppc/devkitPPC/bin/../lib/gcc/powerpc-gekko/4.2.4/../../../../powerpc-gekko/lib/libc.a(lib_a-fwalk.o)
                0x80008d50                _fwalk
                0x80008c44                _fwalk_reent
 .text          0x80008e50      0x17c /opt/devkitppc/devkitPPC/bin/../lib/gcc/powerpc-gekko/4.2.4/../../../../powerpc-gekko/lib/libc.a(lib_a-fwrite.o)
                0x80008e50                _fwrite_r
                0x80008fa4                fwrite
 .text          0x80008fcc       0x64 /opt/devkitppc/devkitPPC/bin/../lib/gcc/powerpc-gekko/4.2.4/../../../../powerpc-gekko/lib/libc.a(lib_a-getenv.o)
                0x80008fcc                getenv
                0x80008ffc                _findenv
 .text          0x80009030      0x168 /opt/devkitppc/devkitPPC/bin/../lib/gcc/powerpc-gekko/4.2.4/../../../../powerpc-gekko/lib/libc.a(lib_a-getenv_r.o)
                0x80009030                _findenv_r
                0x80009174                _getenv_r
 .text          0x80009198       0x2c /opt/devkitppc/devkitPPC/bin/../lib/gcc/powerpc-gekko/4.2.4/../../../../powerpc-gekko/lib/libc.a(lib_a-lcltime.o)
                0x80009198                localtime
 .text          0x800091c4       0x24 /opt/devkitppc/devkitPPC/bin/../lib/gcc/powerpc-gekko/4.2.4/../../../../powerpc-gekko/lib/libc.a(lib_a-lcltime_r.o)
                0x800091c4                localtime_r
 .text          0x800091e8      0x1bc /opt/devkitppc/devkitPPC/bin/../lib/gcc/powerpc-gekko/4.2.4/../../../../powerpc-gekko/lib/libc.a(lib_a-makebuf.o)
                0x800091e8                __smakebuf_r
 .text          0x800093a4      0x1b0 /opt/devkitppc/devkitPPC/bin/../lib/gcc/powerpc-gekko/4.2.4/../../../../powerpc-gekko/lib/libc.a(lib_a-malignr.o)
                0x800093a4                _memalign_r
 .text          0x80009554       0x58 /opt/devkitppc/devkitPPC/bin/../lib/gcc/powerpc-gekko/4.2.4/../../../../powerpc-gekko/lib/libc.a(lib_a-malloc.o)
                0x80009580                malloc
                0x80009554                free
 .text          0x800095ac      0x86c /opt/devkitppc/devkitPPC/bin/../lib/gcc/powerpc-gekko/4.2.4/../../../../powerpc-gekko/lib/libc.a(lib_a-mallocr.o)
                0x800095ac                _malloc_r
 .text          0x80009e18       0xf4 /opt/devkitppc/devkitPPC/bin/../lib/gcc/powerpc-gekko/4.2.4/../../../../powerpc-gekko/lib/libc.a(lib_a-memchr.o)
                0x80009e18                memchr
 .text          0x80009f0c       0x8c /opt/devkitppc/devkitPPC/bin/../lib/gcc/powerpc-gekko/4.2.4/../../../../powerpc-gekko/lib/libc.a(lib_a-memcmp.o)
                0x80009f0c                memcmp
 .text          0x80009f98       0xc8 /opt/devkitppc/devkitPPC/bin/../lib/gcc/powerpc-gekko/4.2.4/../../../../powerpc-gekko/lib/libc.a(lib_a-memcpy.o)
                0x80009f98                memcpy
 .text          0x8000a060      0x104 /opt/devkitppc/devkitPPC/bin/../lib/gcc/powerpc-gekko/4.2.4/../../../../powerpc-gekko/lib/libc.a(lib_a-memmove.o)
                0x8000a060                memmove
 .text          0x8000a164       0xac /opt/devkitppc/devkitPPC/bin/../lib/gcc/powerpc-gekko/4.2.4/../../../../powerpc-gekko/lib/libc.a(lib_a-memset.o)
                0x8000a164                memset
 .text          0x8000a210      0x870 /opt/devkitppc/devkitPPC/bin/../lib/gcc/powerpc-gekko/4.2.4/../../../../powerpc-gekko/lib/libc.a(lib_a-mktm_r.o)
                0x8000a210                __tzcalc_limits
                0x8000a484                _mktm_r
 .text          0x8000aa80      0x124 /opt/devkitppc/devkitPPC/bin/../lib/gcc/powerpc-gekko/4.2.4/../../../../powerpc-gekko/lib/libc.a(lib_a-printf.o)
                0x8000aa80                printf
                0x8000ab18                _printf_r
 .text          0x8000aba4      0x25c /opt/devkitppc/devkitPPC/bin/../lib/gcc/powerpc-gekko/4.2.4/../../../../powerpc-gekko/lib/libc.a(lib_a-putc.o)
                0x8000acd8                _putc_r
                0x8000aba4                putc
 .text          0x8000ae00       0x58 /opt/devkitppc/devkitPPC/bin/../lib/gcc/powerpc-gekko/4.2.4/../../../../powerpc-gekko/lib/libc.a(lib_a-putchar.o)
                0x8000ae00                putchar
                0x8000ae34                _putchar_r
 .text          0x8000ae58       0xa8 /opt/devkitppc/devkitPPC/bin/../lib/gcc/powerpc-gekko/4.2.4/../../../../powerpc-gekko/lib/libc.a(lib_a-puts.o)
                0x8000ae58                _puts_r
                0x8000aef0                puts
 .text          0x8000af00       0x6c /opt/devkitppc/devkitPPC/bin/../lib/gcc/powerpc-gekko/4.2.4/../../../../powerpc-gekko/lib/libc.a(lib_a-rand.o)
                0x8000af18                rand
                0x8000af00                srand
 .text          0x8000af6c       0x34 /opt/devkitppc/devkitPPC/bin/../lib/gcc/powerpc-gekko/4.2.4/../../../../powerpc-gekko/lib/libc.a(lib_a-realloc.o)
                0x8000af6c                realloc
 .text          0x8000afa0      0x668 /opt/devkitppc/devkitPPC/bin/../lib/gcc/powerpc-gekko/4.2.4/../../../../powerpc-gekko/lib/libc.a(lib_a-reallocr.o)
                0x8000afa0                _realloc_r
 .text          0x8000b608      0x248 /opt/devkitppc/devkitPPC/bin/../lib/gcc/powerpc-gekko/4.2.4/../../../../powerpc-gekko/lib/libc.a(lib_a-reent.o)
                0x8000b6c8                cleanup_glue
                0x8000b718                _reclaim_reent
                0x8000b608                _wrapup_reent
 .text          0x8000b850      0x248 /opt/devkitppc/devkitPPC/bin/../lib/gcc/powerpc-gekko/4.2.4/../../../../powerpc-gekko/lib/libc.a(lib_a-refill.o)
                0x8000b850                __srefill_r
 .text          0x8000ba98      0x2cc /opt/devkitppc/devkitPPC/bin/../lib/gcc/powerpc-gekko/4.2.4/../../../../powerpc-gekko/lib/libc.a(lib_a-setvbuf.o)
                0x8000ba98                setvbuf
 .text          0x8000bd64      0x188 /opt/devkitppc/devkitPPC/bin/../lib/gcc/powerpc-gekko/4.2.4/../../../../powerpc-gekko/lib/libc.a(lib_a-sprintf.o)
                0x8000be30                _sprintf_r
                0x8000bd64                sprintf
 .text          0x8000beec      0x184 /opt/devkitppc/devkitPPC/bin/../lib/gcc/powerpc-gekko/4.2.4/../../../../powerpc-gekko/lib/libc.a(lib_a-stdio.o)
                0x8000bf10                __sseek
                0x8000c00c                __sread
                0x8000beec                __sclose
                0x8000bf80                __swrite
 .text          0x8000c070       0x88 /opt/devkitppc/devkitPPC/bin/../lib/gcc/powerpc-gekko/4.2.4/../../../../powerpc-gekko/lib/libc.a(lib_a-strcat.o)
                0x8000c070                strcat
 .text          0x8000c0f8       0xf0 /opt/devkitppc/devkitPPC/bin/../lib/gcc/powerpc-gekko/4.2.4/../../../../powerpc-gekko/lib/libc.a(lib_a-strchr.o)
                0x8000c0f8                strchr
 .text          0x8000c1e8       0xc0 /opt/devkitppc/devkitPPC/bin/../lib/gcc/powerpc-gekko/4.2.4/../../../../powerpc-gekko/lib/libc.a(lib_a-strcmp.o)
                0x8000c1e8                strcmp
 .text          0x8000c2a8       0x74 /opt/devkitppc/devkitPPC/bin/../lib/gcc/powerpc-gekko/4.2.4/../../../../powerpc-gekko/lib/libc.a(lib_a-strcpy.o)
                0x8000c2a8                strcpy
 .text          0x8000c31c       0x2c /opt/devkitppc/devkitPPC/bin/../lib/gcc/powerpc-gekko/4.2.4/../../../../powerpc-gekko/lib/libc.a(lib_a-strdup.o)
                0x8000c31c                strdup
 .text          0x8000c348       0x6c /opt/devkitppc/devkitPPC/bin/../lib/gcc/powerpc-gekko/4.2.4/../../../../powerpc-gekko/lib/libc.a(lib_a-strdup_r.o)
                0x8000c348                _strdup_r
 .text          0x8000c3b4     0x105c /opt/devkitppc/devkitPPC/bin/../lib/gcc/powerpc-gekko/4.2.4/../../../../powerpc-gekko/lib/libc.a(lib_a-strftime.o)
                0x8000c4fc                strftime
 .text          0x8000d410       0x64 /opt/devkitppc/devkitPPC/bin/../lib/gcc/powerpc-gekko/4.2.4/../../../../powerpc-gekko/lib/libc.a(lib_a-strlen.o)
                0x8000d410                strlen
 .text          0x8000d474      0x144 /opt/devkitppc/devkitPPC/bin/../lib/gcc/powerpc-gekko/4.2.4/../../../../powerpc-gekko/lib/libc.a(lib_a-strncmp.o)
                0x8000d474                strncmp
 .text          0x8000d5b8       0xdc /opt/devkitppc/devkitPPC/bin/../lib/gcc/powerpc-gekko/4.2.4/../../../../powerpc-gekko/lib/libc.a(lib_a-strncpy.o)
                0x8000d5b8                strncpy
 .text          0x8000d694       0x44 /opt/devkitppc/devkitPPC/bin/../lib/gcc/powerpc-gekko/4.2.4/../../../../powerpc-gekko/lib/libc.a(lib_a-strnlen.o)
                0x8000d694                strnlen
 .text          0x8000d6d8       0x84 /opt/devkitppc/devkitPPC/bin/../lib/gcc/powerpc-gekko/4.2.4/../../../../powerpc-gekko/lib/libc.a(lib_a-strrchr.o)
                0x8000d6d8                strrchr
 .text          0x8000d75c     0x135c /opt/devkitppc/devkitPPC/bin/../lib/gcc/powerpc-gekko/4.2.4/../../../../powerpc-gekko/lib/libc.a(lib_a-strtod.o)
                0x8000d7a8                _strtod_r
                0x8000eaa0                strtod
                0x8000ea34                strtof
 .text          0x8000eab8       0x30 /opt/devkitppc/devkitPPC/bin/../lib/gcc/powerpc-gekko/4.2.4/../../../../powerpc-gekko/lib/libc.a(lib_a-strtok.o)
                0x8000eab8                strtok
 .text          0x8000eae8       0xc4 /opt/devkitppc/devkitPPC/bin/../lib/gcc/powerpc-gekko/4.2.4/../../../../powerpc-gekko/lib/libc.a(lib_a-strtok_r.o)
                0x8000eba4                strtok_r
                0x8000eae8                __strtok_r
 .text          0x8000ebac      0x200 /opt/devkitppc/devkitPPC/bin/../lib/gcc/powerpc-gekko/4.2.4/../../../../powerpc-gekko/lib/libc.a(lib_a-strtol.o)
                0x8000ed8c                strtol
                0x8000ebac                _strtol_r
 .text          0x8000edac      0x1ec /opt/devkitppc/devkitPPC/bin/../lib/gcc/powerpc-gekko/4.2.4/../../../../powerpc-gekko/lib/libc.a(lib_a-strtoul.o)
                0x8000ef78                strtoul
                0x8000edac                _strtoul_r
 .text          0x8000ef98      0x288 /opt/devkitppc/devkitPPC/bin/../lib/gcc/powerpc-gekko/4.2.4/../../../../powerpc-gekko/lib/libc.a(lib_a-strtoull_r.o)
                0x8000ef98                _strtoull_r
 .text          0x8000f220       0x3c /opt/devkitppc/devkitPPC/bin/../lib/gcc/powerpc-gekko/4.2.4/../../../../powerpc-gekko/lib/libc.a(lib_a-syswrite.o)
                0x8000f220                write
 .text          0x8000f25c       0x74 /opt/devkitppc/devkitPPC/bin/../lib/gcc/powerpc-gekko/4.2.4/../../../../powerpc-gekko/lib/libc.a(lib_a-tzlock.o)
                0x8000f25c                __tz_unlock
                0x8000f284                __tz_lock
 .text          0x8000f2d0     0x1610 /opt/devkitppc/devkitPPC/bin/../lib/gcc/powerpc-gekko/4.2.4/../../../../powerpc-gekko/lib/libc.a(lib_a-vfiprintf.o)
                0x800108c0                vfiprintf
                0x8000f330                _vfiprintf_r
 .text          0x800108e0     0x2344 /opt/devkitppc/devkitPPC/bin/../lib/gcc/powerpc-gekko/4.2.4/../../../../powerpc-gekko/lib/libc.a(lib_a-vfprintf.o)
                0x80010940                _vfprintf_r
                0x80012c04                vfprintf
 .text          0x80012c24       0x7c /opt/devkitppc/devkitPPC/bin/../lib/gcc/powerpc-gekko/4.2.4/../../../../powerpc-gekko/lib/libc.a(lib_a-vsprintf.o)
                0x80012c80                vsprintf
                0x80012c24                _vsprintf_r
 .text          0x80012ca0      0x15c /opt/devkitppc/devkitPPC/bin/../lib/gcc/powerpc-gekko/4.2.4/../../../../powerpc-gekko/lib/libc.a(lib_a-wbuf.o)
                0x80012ca0                __swbuf_r
                0x80012de4                __swbuf
 .text          0x80012dfc       0xa4 /opt/devkitppc/devkitPPC/bin/../lib/gcc/powerpc-gekko/4.2.4/../../../../powerpc-gekko/lib/libc.a(lib_a-wcrtomb.o)
                0x80012dfc                _wcrtomb_r
                0x80012e80                wcrtomb
 .text          0x80012ea0      0x1d8 /opt/devkitppc/devkitPPC/bin/../lib/gcc/powerpc-gekko/4.2.4/../../../../powerpc-gekko/lib/libc.a(lib_a-wcsrtombs.o)
                0x80012ea0                _wcsrtombs_r
                0x80013050                wcsrtombs
 .text          0x80013078      0x464 /opt/devkitppc/devkitPPC/bin/../lib/gcc/powerpc-gekko/4.2.4/../../../../powerpc-gekko/lib/libc.a(lib_a-wctomb_r.o)
                0x80013078                _wctomb_r
 .text          0x800134dc      0x178 /opt/devkitppc/devkitPPC/bin/../lib/gcc/powerpc-gekko/4.2.4/../../../../powerpc-gekko/lib/libc.a(lib_a-wsetup.o)
                0x800134dc                __swsetup_r
 .text          0x80013654      0x1ac /opt/devkitppc/devkitPPC/bin/../lib/gcc/powerpc-gekko/4.2.4/../../../../powerpc-gekko/lib/libc.a(lib_a-__call_atexit.o)
                0x80013654                __call_exitprocs
 .text          0x80013800       0x10 /opt/devkitppc/devkitPPC/bin/../lib/gcc/powerpc-gekko/4.2.4/../../../../powerpc-gekko/lib/libc.a(lib_a-abs.o)
                0x80013800                abs
 .text          0x80013810     0x1390 /opt/devkitppc/devkitPPC/bin/../lib/gcc/powerpc-gekko/4.2.4/../../../../powerpc-gekko/lib/libc.a(lib_a-dtoa.o)
                0x80013a4c                _dtoa_r
 .text          0x80014ba0       0x74 /opt/devkitppc/devkitPPC/bin/../lib/gcc/powerpc-gekko/4.2.4/../../../../powerpc-gekko/lib/libc.a(lib_a-envlock.o)
                0x80014ba0                __env_unlock
                0x80014bc8                __env_lock
 .text          0x80014c14      0x504 /opt/devkitppc/devkitPPC/bin/../lib/gcc/powerpc-gekko/4.2.4/../../../../powerpc-gekko/lib/libc.a(lib_a-fvwrite.o)
                0x80014c14                __sfvwrite_r
 .text          0x80015118      0x918 /opt/devkitppc/devkitPPC/bin/../lib/gcc/powerpc-gekko/4.2.4/../../../../powerpc-gekko/lib/libc.a(lib_a-gdtoa-gethex.o)
                0x80015150                __hexdig_init
                0x800152ac                __gethex
 .text          0x80015a30      0x330 /opt/devkitppc/devkitPPC/bin/../lib/gcc/powerpc-gekko/4.2.4/../../../../powerpc-gekko/lib/libc.a(lib_a-gdtoa-hexnan.o)
                0x80015a64                __hexnan
 .text          0x80015d60        0xc /opt/devkitppc/devkitPPC/bin/../lib/gcc/powerpc-gekko/4.2.4/../../../../powerpc-gekko/lib/libc.a(lib_a-gettzinfo.o)
                0x80015d60                __gettzinfo
 .text          0x80015d6c       0x10 /opt/devkitppc/devkitPPC/bin/../lib/gcc/powerpc-gekko/4.2.4/../../../../powerpc-gekko/lib/libc.a(lib_a-labs.o)
                0x80015d6c                labs
 .text          0x80015d7c      0x4c4 /opt/devkitppc/devkitPPC/bin/../lib/gcc/powerpc-gekko/4.2.4/../../../../powerpc-gekko/lib/libc.a(lib_a-locale.o)
                0x80015da0                _setlocale_r
                0x80015d7c                __locale_charset
                0x80015d88                _localeconv_r
                0x80016228                setlocale
                0x80015d94                localeconv
 .text          0x80016240      0x9a8 /opt/devkitppc/devkitPPC/bin/../lib/gcc/powerpc-gekko/4.2.4/../../../../powerpc-gekko/lib/libc.a(lib_a-mbtowc_r.o)
                0x80016240                _mbtowc_r
 .text          0x80016be8     0x1114 /opt/devkitppc/devkitPPC/bin/../lib/gcc/powerpc-gekko/4.2.4/../../../../powerpc-gekko/lib/libc.a(lib_a-mprec.o)
                0x80017050                _mprec_log10
                0x800170f4                __any_on
                0x80017194                _Balloc
                0x80016f8c                __ratio
                0x80017954                __i2b
                0x80016e3c                __b2d
                0x80017bd4                __s2b
                0x80016d3c                __mcmp
                0x80016c0c                __hi0bits
                0x80017aa8                __pow5mult
                0x800175b8                __lshift
                0x80017720                __multiply
                0x80017264                __d2b
                0x8001708c                __copybits
                0x80016d9c                __ulp
                0x8001740c                __mdiff
                0x80016c78                __lo0bits
                0x80017990                __multadd
                0x80016be8                _Bfree
 .text          0x80017cfc       0x44 /opt/devkitppc/devkitPPC/bin/../lib/gcc/powerpc-gekko/4.2.4/../../../../powerpc-gekko/lib/libc.a(lib_a-s_isinfd.o)
                0x80017cfc                __isinfd
 .text          0x80017d40       0x38 /opt/devkitppc/devkitPPC/bin/../lib/gcc/powerpc-gekko/4.2.4/../../../../powerpc-gekko/lib/libc.a(lib_a-s_isnand.o)
                0x80017d40                __isnand
 .text          0x80017d78       0x18 /opt/devkitppc/devkitPPC/bin/../lib/gcc/powerpc-gekko/4.2.4/../../../../powerpc-gekko/lib/libc.a(lib_a-sf_nan.o)
                0x80017d78                nanf
 .text          0x80017d90      0x188 /opt/devkitppc/devkitPPC/bin/../lib/gcc/powerpc-gekko/4.2.4/../../../../powerpc-gekko/lib/libc.a(lib_a-siprintf.o)
                0x80017e5c                _siprintf_r
                0x80017d90                siprintf
 .text          0x80017f18      0x230 /opt/devkitppc/devkitPPC/bin/../lib/gcc/powerpc-gekko/4.2.4/../../../../powerpc-gekko/lib/libc.a(lib_a-sniprintf.o)
                0x80018030                _sniprintf_r
                0x80017f18                sniprintf
 .text          0x80018148       0xa0 /opt/devkitppc/devkitPPC/bin/../lib/gcc/powerpc-gekko/4.2.4/../../../../powerpc-gekko/lib/libsysbase.a(close.o)
                0x80018148                _close_r
 .text          0x800181e8       0xc8 /opt/devkitppc/devkitPPC/bin/../lib/gcc/powerpc-gekko/4.2.4/../../../../powerpc-gekko/lib/libsysbase.a(fstat.o)
                0x800181e8                _fstat_r
 .text          0x800182b0        0x8 /opt/devkitppc/devkitPPC/bin/../lib/gcc/powerpc-gekko/4.2.4/../../../../powerpc-gekko/lib/libsysbase.a(isatty.o)
                0x800182b0                isatty
 .text          0x800182b8       0xe8 /opt/devkitppc/devkitPPC/bin/../lib/gcc/powerpc-gekko/4.2.4/../../../../powerpc-gekko/lib/libsysbase.a(lseek.o)
                0x800182b8                _lseek_r
 .text          0x800183a0      0x14c /opt/devkitppc/devkitPPC/bin/../lib/gcc/powerpc-gekko/4.2.4/../../../../powerpc-gekko/lib/libsysbase.a(open.o)
                0x800183a0                _open_r
 .text          0x800184ec       0xcc /opt/devkitppc/devkitPPC/bin/../lib/gcc/powerpc-gekko/4.2.4/../../../../powerpc-gekko/lib/libsysbase.a(read.o)
                0x800184ec                _read_r
 .text          0x800185b8       0x50 /opt/devkitppc/devkitPPC/bin/../lib/gcc/powerpc-gekko/4.2.4/../../../../powerpc-gekko/lib/libsysbase.a(sbrk.o)
                0x800185b8                _sbrk_r
 .text          0x80018608       0xcc /opt/devkitppc/devkitPPC/bin/../lib/gcc/powerpc-gekko/4.2.4/../../../../powerpc-gekko/lib/libsysbase.a(write.o)
                0x80018608                _write_r
 .text          0x800186d4       0x6c /opt/devkitppc/devkitPPC/bin/../lib/gcc/powerpc-gekko/4.2.4/../../../../powerpc-gekko/lib/libsysbase.a(flock.o)
                0x800186f8                __flockfile
                0x800186d4                __funlockfile
 .text          0x80018740      0x120 /opt/devkitppc/devkitPPC/bin/../lib/gcc/powerpc-gekko/4.2.4/../../../../powerpc-gekko/lib/libsysbase.a(handle_manager.o)
                0x80018804                __release_handle
                0x8001876c                __alloc_handle
                0x80018740                __get_handle
 .text          0x80018860      0x450 /opt/devkitppc/devkitPPC/bin/../lib/gcc/powerpc-gekko/4.2.4/libgcc.a(_umoddi3.o)
                0x80018860                __umoddi3
 .text          0x80018cb0       0x6c /opt/devkitppc/devkitPPC/bin/../lib/gcc/powerpc-gekko/4.2.4/crtend.o
 *(.text.*)
 .text.compile_sentence_end
                0x80018d1c       0x78 c_code.o
                0x80018d1c                compile_sentence_end
 .text.check_integer_types
                0x80018d94      0x124 c_code.o
 .text.check_integer_type
                0x80018eb8       0xb4 c_code.o
 .text.mntype   0x80018f6c      0x1a8 c_code.o
                0x80018f6c                mntype
 .text.convert_result_type
                0x80019114      0x700 c_code.o
                0x80019114                convert_result_type
 .text.check_numeric_types
                0x80019814      0x284 c_code.o
 .text.check_numeric_or_string_types
                0x80019a98      0x2a8 c_code.o
 .text.strdelchars
                0x80019d40       0x7c c_code.o
 .text.compile_sublvalue
                0x80019dbc      0x688 c_code.o
                0x80019dbc                compile_sublvalue
 .text.compile_value
                0x8001a444      0xa14 c_code.o
                0x8001a444                compile_value
 .text.compile_factor
                0x8001ae58      0xdd8 c_code.o
                0x8001ae58                compile_factor
 .text.compile_operand
                0x8001bc30      0x534 c_code.o
                0x8001bc30                compile_operand
 .text.compile_operation
                0x8001c164      0x79c c_code.o
                0x8001c164                compile_operation
 .text.compile_rotation
                0x8001c900      0x2ec c_code.o
                0x8001c900                compile_rotation
 .text.compile_comparison_1
                0x8001cbec      0x5b4 c_code.o
                0x8001cbec                compile_comparison_1
 .text.compile_comparison_2
                0x8001d1a0      0x3cc c_code.o
                0x8001d1a0                compile_comparison_2
 .text.compile_bitwise_and
                0x8001d56c      0x288 c_code.o
                0x8001d56c                compile_bitwise_and
 .text.compile_bitwise_xor
                0x8001d7f4      0x268 c_code.o
                0x8001d7f4                compile_bitwise_xor
 .text.compile_bitwise_or
                0x8001da5c      0x268 c_code.o
                0x8001da5c                compile_bitwise_or
 .text.compile_logical_and
                0x8001dcc4      0x2ac c_code.o
                0x8001dcc4                compile_logical_and
 .text.compile_logical_xor
                0x8001df70      0x268 c_code.o
                0x8001df70                compile_logical_xor
 .text.compile_logical_or
                0x8001e1d8      0x2c4 c_code.o
                0x8001e1d8                compile_logical_or
 .text.compile_ternarycond
                0x8001e49c      0x4bc c_code.o
                0x8001e49c                compile_ternarycond
 .text.compile_subexpresion
                0x8001e958      0xf60 c_code.o
                0x8001e958                compile_subexpresion
 .text.compile_expresion
                0x8001f8b8      0x34c c_code.o
                0x8001f8b8                compile_expresion
 .text.compile_block
                0x8001fc04     0x1f9c c_code.o
                0x8001fc04                compile_block
 .text.compile_paramlist
                0x80021ba0      0x1f4 c_code.o
                0x80021ba0                compile_paramlist
 .text.compile_bestproc
                0x80021d94      0x954 c_code.o
                0x80021d94                compile_bestproc
 .text.compile_sizeof
                0x800226e8      0xa88 c_code.o
                0x800226e8                compile_sizeof
 .text.compile_cast
                0x80023170      0x8b8 c_code.o
                0x80023170                compile_cast
 .text.set_type
                0x80023a28       0x14 c_data.o
 .text.compile_array_data
                0x80023a3c      0x428 c_data.o
                0x80023a3c                compile_array_data
 .text.compile_struct_data
                0x80023e64      0x5c4 c_data.o
                0x80023e64                compile_struct_data
 .text.compile_varspace
                0x80024428     0x1444 c_data.o
                0x80024428                compile_varspace
 .text.codeblock_dump
                0x8002586c      0x230 c_debug.o
                0x8002586c                codeblock_dump
 .text._dlibaddr
                0x80025a9c        0x8 c_main.o
 .text.import_exists
                0x80025aa4       0xbc c_main.o
 .text.compile_warning
                0x80025b60      0x24c c_main.o
                0x80025b60                compile_warning
 .text.compile_error
                0x80025dac      0x1fc c_main.o
                0x80025dac                compile_error
 .text.compile_process
                0x80025fa8     0x11f0 c_main.o
                0x80025fa8                compile_process
 .text.compile_constants
                0x80027198      0x28c c_main.o
                0x80027198                compile_constants
 .text.compile_type
                0x80027424      0x14c c_main.o
                0x80027424                compile_type
 .text.import_module
                0x80027570      0x430 c_main.o
 .text.compile_import
                0x800279a0       0x54 c_main.o
                0x800279a0                compile_import
 .text.compile_program
                0x800279f4      0x534 c_main.o
                0x800279f4                compile_program
 .text.import_files
                0x80027f28      0x198 c_main.o
                0x80027f28                import_files
 .text.compile_init
                0x800280c0      0x9b0 c_main.o
                0x800280c0                compile_init
 .text.codeblock_loop_add
                0x80028a70       0x14 codeblock.o
                0x80028a70                codeblock_loop_add
 .text.codeblock_label_set
                0x80028a84       0x10 codeblock.o
                0x80028a84                codeblock_label_set
 .text.codeblock_label_get
                0x80028a94       0x10 codeblock.o
                0x80028a94                codeblock_label_get
 .text.codeblock_label_get_id_by_name
                0x80028aa4       0x44 codeblock.o
                0x80028aa4                codeblock_label_get_id_by_name
 .text.codeblock_pos
                0x80028ae8       0x1c codeblock.o
                0x80028ae8                codeblock_pos
 .text.codeblock_setpos
                0x80028b04       0x1c codeblock.o
                0x80028b04                codeblock_setpos
 .text.codeblock_label_add
                0x80028b20      0x10c codeblock.o
                0x80028b20                codeblock_label_add
 .text.codeblock_loop_alloc
                0x80028c2c       0x74 codeblock.o
 .text.codeblock_loop_end
                0x80028ca0       0x80 codeblock.o
                0x80028ca0                codeblock_loop_end
 .text.codeblock_loop_start
                0x80028d20       0x7c codeblock.o
                0x80028d20                codeblock_loop_start
 .text.codeblock_alloc
                0x80028d9c       0x74 codeblock.o
 .text.codeblock_add
                0x80028e10      0x388 codeblock.o
                0x80028e10                codeblock_add
 .text.codeblock_stepback
                0x80029198       0x3c codeblock.o
                0x80029198                codeblock_stepback
 .text.codeblock_add_block
                0x800291d4      0x104 codeblock.o
                0x800291d4                codeblock_add_block
 .text.codeblock_init
                0x800292d8       0xfc codeblock.o
                0x800292d8                codeblock_init
 .text.codeblock_postprocess
                0x800293d4      0x2dc codeblock.o
                0x800293d4                codeblock_postprocess
 .text.constants_search
                0x800296b0       0x54 constants.o
                0x800296b0                constants_search
 .text.constants_alloc
                0x80029704       0x78 constants.o
                0x80029704                constants_alloc
 .text.constants_add
                0x8002977c      0x1b8 constants.o
                0x8002977c                constants_add
 .text.constants_init
                0x80029934       0x48 constants.o
                0x80029934                constants_init
 .text.dcb_varspace
                0x8002997c      0x134 dcbw.o
 .text.dcb_settype
                0x80029ab0       0x90 dcbw.o
                0x80029ab0                dcb_settype
 .text.dcb_save
                0x80029b40     0x11bc dcbw.o
                0x80029b40                dcb_save
 .text.dcb_add_file
                0x8002acfc      0x334 dcbw.o
                0x8002acfc                dcb_add_file
 .text.err_delError
                0x8002b030       0xbc error.o
                0x8002b030                err_delError
 .text.err_destroyErrorTable
                0x8002b0ec       0x7c error.o
                0x8002b0ec                err_destroyErrorTable
 .text.err_addError
                0x8002b168       0xd4 error.o
                0x8002b168                err_addError
 .text.err_buildErrorTable
                0x8002b23c      0x284 error.o
                0x8002b23c                err_buildErrorTable
 .text.identifier_hash_value
                0x8002b4c0       0x3c identifier.o
                0x8002b4c0                identifier_hash_value
 .text.identifier_first
                0x8002b4fc       0x2c identifier.o
                0x8002b4fc                identifier_first
 .text.identifier_next
                0x8002b528       0x90 identifier.o
                0x8002b528                identifier_next
 .text.identifier_init
                0x8002b5b8       0x44 identifier.o
                0x8002b5b8                identifier_init
 .text.identifier_line
                0x8002b5fc       0x54 identifier.o
                0x8002b5fc                identifier_line
 .text.identifier_file
                0x8002b650       0x54 identifier.o
                0x8002b650                identifier_file
 .text.identifier_name
                0x8002b6a4       0x54 identifier.o
                0x8002b6a4                identifier_name
 .text.identifier_next_code
                0x8002b6f8        0xc identifier.o
                0x8002b6f8                identifier_next_code
 .text.identifier_is_basic_type
                0x8002b704       0xb0 identifier.o
                0x8002b704                identifier_is_basic_type
 .text.identifier_is_type
                0x8002b7b4       0x60 identifier.o
                0x8002b7b4                identifier_is_type
 .text.identifier_search
                0x8002b814       0xa8 identifier.o
                0x8002b814                identifier_search
 .text.identifier_add_as
                0x8002b8bc       0xe4 identifier.o
                0x8002b8bc                identifier_add_as
 .text.identifier_add
                0x8002b9a0       0x50 identifier.o
                0x8002b9a0                identifier_add
 .text.identifier_search_or_add
                0x8002b9f0       0x4c identifier.o
                0x8002b9f0                identifier_search_or_add
 .text.identifier_dump
                0x8002ba3c       0xbc identifier.o
                0x8002ba3c                identifier_dump
 .text.main     0x8002baf8      0xaa8 main.o
                0x8002baf8                main
 .text.core_init
                0x8002c5a0      0x118 main_core.o
                0x8002c5a0                core_init
 .text.procdef_getid
                0x8002c6b8       0x14 procedure.o
                0x8002c6b8                procdef_getid
 .text.procdef_search
                0x8002c6cc       0x5c procedure.o
                0x8002c6cc                procdef_search
 .text.program_postprocess
                0x8002c728       0x70 procedure.o
                0x8002c728                program_postprocess
 .text.procdef_new
                0x8002c798      0x15c procedure.o
                0x8002c798                procdef_new
 .text.segment_by_name
                0x8002c8f4       0x68 segment.o
                0x8002c8f4                segment_by_name
 .text.segment_name
                0x8002c95c       0xe8 segment.o
                0x8002c95c                segment_name
 .text.segment_alloc
                0x8002ca44       0x6c segment.o
                0x8002ca44                segment_alloc
 .text.segment_add_dword
                0x8002cab0       0x68 segment.o
                0x8002cab0                segment_add_dword
 .text.segment_add_word
                0x8002cb18       0x68 segment.o
                0x8002cb18                segment_add_word
 .text.segment_add_byte
                0x8002cb80       0x68 segment.o
                0x8002cb80                segment_add_byte
 .text.segment_add_as
                0x8002cbe8       0x98 segment.o
                0x8002cbe8                segment_add_as
 .text.segment_register
                0x8002cc80       0xf0 segment.o
 .text.segment_new
                0x8002cd70      0x118 segment.o
                0x8002cd70                segment_new
 .text.segment_copy
                0x8002ce88       0x80 segment.o
                0x8002ce88                segment_copy
 .text.segment_add_from
                0x8002cf08       0x7c segment.o
                0x8002cf08                segment_add_from
 .text.string_get
                0x8002cf84       0x70 strings.o
                0x8002cf84                string_get
 .text.string_alloc
                0x8002cff4       0x7c strings.o
                0x8002cff4                string_alloc
 .text.check_for_valid_pathname
                0x8002d070       0xb4 strings.o
                0x8002d070                check_for_valid_pathname
 .text.string_compile
                0x8002d124      0x304 strings.o
                0x8002d124                string_compile
 .text.string_new
                0x8002d428      0x138 strings.o
                0x8002d428                string_new
 .text.string_dump
                0x8002d560       0xb0 strings.o
                0x8002d560                string_dump
 .text.string_init
                0x8002d610       0x90 strings.o
                0x8002d610                string_init
 .text.sysproc_init
                0x8002d6a0        0x4 sysstub.o
                0x8002d6a0                sysproc_init
 .text.sysproc_name
                0x8002d6a4       0x4c sysstub.o
                0x8002d6a4                sysproc_name
 .text.sysproc_get
                0x8002d6f0      0x170 sysstub.o
                0x8002d6f0                sysproc_get
 .text.sysproc_getall
                0x8002d860       0x78 sysstub.o
                0x8002d860                sysproc_getall
 .text.sysproc_add
                0x8002d8d8      0x188 sysstub.o
                0x8002d8d8                sysproc_add
 .text.find_define
                0x8002da60       0x54 token.o
                0x8002da60                find_define
 .text.token_back
                0x8002dab4      0x10c token.o
                0x8002dab4                token_back
 .text.token_endfile
                0x8002dbc0       0xf8 token.o
 .text.token_dump
                0x8002dcb8      0x214 token.o
                0x8002dcb8                token_dump
 .text.token_init
                0x8002decc      0x190 token.o
                0x8002decc                token_init
 .text.add_simple_define
                0x8002e05c       0xdc token.o
                0x8002e05c                add_simple_define
 .text.load_file
                0x8002e138      0x174 token.o
                0x8002e138                load_file
 .text.include_file
                0x8002e2ac      0xf38 token.o
                0x8002e2ac                include_file
 .text.token_next
                0x8002f1e4     0x13ac token.o
                0x8002f1e4                token_next
 .text.preprocessor_expand
                0x80030590      0xe9c token.o
                0x80030590                preprocessor_expand
 .text.preprocessor_jumpto
                0x8003142c      0xd48 token.o
                0x8003142c                preprocessor_jumpto
 .text.preprocessor
                0x80032174     0x3c1c token.o
                0x80032174                preprocessor
 .text.typedef_by_name
                0x80035d90       0x68 typedef.o
                0x80035d90                typedef_by_name
 .text.typedef_tcount
                0x80035df8       0x4c typedef.o
                0x80035df8                typedef_tcount
 .text.typedef_is_equal
                0x80035e44       0x9c typedef.o
                0x80035e44                typedef_is_equal
 .text.typedef_name
                0x80035ee0      0x100 typedef.o
                0x80035ee0                typedef_name
 .text.typedef_subsize
                0x80035fe0       0xc8 typedef.o
                0x80035fe0                typedef_subsize
 .text.typedef_size
                0x800360a8       0x44 typedef.o
                0x800360a8                typedef_size
 .text.typedef_enlarge
                0x800360ec       0x70 typedef.o
                0x800360ec                typedef_enlarge
 .text.typedef_pointer
                0x8003615c       0x58 typedef.o
                0x8003615c                typedef_pointer
 .text.typedef_reduce
                0x800361b4       0x70 typedef.o
                0x800361b4                typedef_reduce
 .text.typedef_describe
                0x80036224      0x264 typedef.o
                0x80036224                typedef_describe
 .text.typedef_new
                0x80036488       0xc8 typedef.o
                0x80036488                typedef_new
 .text.varspace_search
                0x80036550       0x48 varspace.o
                0x80036550                varspace_search
 .text.varspace_alloc
                0x80036598       0x70 varspace.o
                0x80036598                varspace_alloc
 .text.varspace_varstring
                0x80036608       0xc0 varspace.o
                0x80036608                varspace_varstring
 .text.varspace_init
                0x800366c8       0x84 varspace.o
                0x800366c8                varspace_init
 .text.varspace_new
                0x8003674c       0x74 varspace.o
                0x8003674c                varspace_new
 .text.varspace_dump
                0x800367c0      0x234 varspace.o
                0x800367c0                varspace_dump
 .text.mnemonic_dump
                0x800369f4      0x300 ../../common/debug.o
                0x800369f4                mnemonic_dump
 .text.file_eof
                0x80036cf4       0x84 ../../common/files.o
                0x80036cf4                file_eof
 .text.file_addp
                0x80036d78      0x144 ../../common/files.o
                0x80036d78                file_addp
 .text.file_close
                0x80036ebc       0x78 ../../common/files.o
                0x80036ebc                file_close
 .text.open_raw
                0x80036f34       0xe4 ../../common/files.o
 .text.file_open
                0x80037018      0x348 ../../common/files.o
                0x80037018                file_open
 .text.file_exists
                0x80037360       0x40 ../../common/files.o
                0x80037360                file_exists
 .text.file_seek
                0x800373a0      0x188 ../../common/files.o
                0x800373a0                file_seek
 .text.file_pos
                0x80037528       0x84 ../../common/files.o
                0x80037528                file_pos
 .text.file_write
                0x800375ac      0x164 ../../common/files.o
                0x800375ac                file_write
 .text.file_writeSint32A
                0x80037710       0x28 ../../common/files.o
                0x80037710                file_writeSint32A
 .text.file_writeUint32A
                0x80037738        0x4 ../../common/files.o
                0x80037738                file_writeUint32A
 .text.file_writeSint32
                0x8003773c        0x8 ../../common/files.o
                0x8003773c                file_writeSint32
 .text.file_writeUint32
                0x80037744        0x4 ../../common/files.o
                0x80037744                file_writeUint32
 .text.file_gets
                0x80037748      0x210 ../../common/files.o
                0x80037748                file_gets
 .text.file_qgets
                0x80037958      0x290 ../../common/files.o
                0x80037958                file_qgets
 .text.file_read
                0x80037be8      0x17c ../../common/files.o
                0x80037be8                file_read
 .text.file_size
                0x80037d64       0xf8 ../../common/files.o
                0x80037d64                file_size
 .text.convert  0x80037e5c       0x24 ../../common/xctype.o
                0x80037e5c                convert
 .text.set_c_range
                0x80037e80       0x38 ../../common/xctype.o
 .text.set_c_from
                0x80037eb8       0xa0 ../../common/xctype.o
 .text.set_c_as
                0x80037f58       0x34 ../../common/xctype.o
 .text.set_c_upper
                0x80037f8c       0xa0 ../../common/xctype.o
 .text.set_c_lower
                0x8003802c       0xa0 ../../common/xctype.o
 .text.init_c_type
                0x800380cc      0x1e8 ../../common/xctype.o
                0x800380cc                init_c_type
 .text.gzeof    0x800382b4       0x48 /opt/devkitppc/libogc/lib/wii/libz.a(gzio.o)
                0x800382b4                gzeof
 .text.do_flush
                0x800382fc      0x178 /opt/devkitppc/libogc/lib/wii/libz.a(gzio.o)
 .text.putLong  0x80038474       0x6c /opt/devkitppc/libogc/lib/wii/libz.a(gzio.o)
 .text.destroy  0x800384e0      0x114 /opt/devkitppc/libogc/lib/wii/libz.a(gzio.o)
 .text.gzclose  0x800385f4       0x94 /opt/devkitppc/libogc/lib/wii/libz.a(gzio.o)
                0x800385f4                gzclose
 .text.gzwrite  0x80038688      0x17c /opt/devkitppc/libogc/lib/wii/libz.a(gzio.o)
                0x80038688                gzwrite
 .text.gzrewind
                0x80038804       0xb4 /opt/devkitppc/libogc/lib/wii/libz.a(gzio.o)
                0x80038804                gzrewind
 .text.get_byte
                0x800388b8       0xdc /opt/devkitppc/libogc/lib/wii/libz.a(gzio.o)
 .text.getLong  0x80038994       0x94 /opt/devkitppc/libogc/lib/wii/libz.a(gzio.o)
 .text.check_header
                0x80038a28      0x214 /opt/devkitppc/libogc/lib/wii/libz.a(gzio.o)
 .text.gzread   0x80038c3c      0x400 /opt/devkitppc/libogc/lib/wii/libz.a(gzio.o)
                0x80038c3c                gzread
 .text.gzseek   0x8003903c      0x2d0 /opt/devkitppc/libogc/lib/wii/libz.a(gzio.o)
                0x8003903c                gzseek
 .text.gztell   0x8003930c       0x10 /opt/devkitppc/libogc/lib/wii/libz.a(gzio.o)
                0x8003930c                gztell
 .text.gzgets   0x8003931c       0xc0 /opt/devkitppc/libogc/lib/wii/libz.a(gzio.o)
                0x8003931c                gzgets
 .text.gz_open  0x800393dc      0x344 /opt/devkitppc/libogc/lib/wii/libz.a(gzio.o)
 .text.gzopen   0x80039720        0x8 /opt/devkitppc/libogc/lib/wii/libz.a(gzio.o)
                0x80039720                gzopen
 .text.putShortMSB
                0x80039728       0x28 /opt/devkitppc/libogc/lib/wii/libz.a(deflate.o)
 .text.deflateEnd
                0x80039750      0x14c /opt/devkitppc/libogc/lib/wii/libz.a(deflate.o)
                0x80039750                deflateEnd
 .text.longest_match
                0x8003989c      0x260 /opt/devkitppc/libogc/lib/wii/libz.a(deflate.o)
 .text.longest_match_fast
                0x80039afc      0x124 /opt/devkitppc/libogc/lib/wii/libz.a(deflate.o)
 .text.flush_pending
                0x80039c20       0xd4 /opt/devkitppc/libogc/lib/wii/libz.a(deflate.o)
 .text.fill_window
                0x80039cf4      0x264 /opt/devkitppc/libogc/lib/wii/libz.a(deflate.o)
 .text.deflate  0x80039f58      0xb24 /opt/devkitppc/libogc/lib/wii/libz.a(deflate.o)
                0x80039f58                deflate
 .text.deflate_slow
                0x8003aa7c      0x5dc /opt/devkitppc/libogc/lib/wii/libz.a(deflate.o)
 .text.deflate_fast
                0x8003b058      0x4a0 /opt/devkitppc/libogc/lib/wii/libz.a(deflate.o)
 .text.deflate_stored
                0x8003b4f8      0x1dc /opt/devkitppc/libogc/lib/wii/libz.a(deflate.o)
 .text.deflateReset
                0x8003b6d4      0x18c /opt/devkitppc/libogc/lib/wii/libz.a(deflate.o)
                0x8003b6d4                deflateReset
 .text.deflateInit2_
                0x8003b860      0x31c /opt/devkitppc/libogc/lib/wii/libz.a(deflate.o)
                0x8003b860                deflateInit2_
 .text.init_block
                0x8003bb7c       0x90 /opt/devkitppc/libogc/lib/wii/libz.a(trees.o)
 .text._tr_init
                0x8003bc0c       0x58 /opt/devkitppc/libogc/lib/wii/libz.a(trees.o)
                0x8003bc0c                _tr_init
 .text.pqdownheap
                0x8003bc64      0x17c /opt/devkitppc/libogc/lib/wii/libz.a(trees.o)
 .text.scan_tree
                0x8003bde0      0x144 /opt/devkitppc/libogc/lib/wii/libz.a(trees.o)
 .text.send_tree
                0x8003bf24      0x5ac /opt/devkitppc/libogc/lib/wii/libz.a(trees.o)
 .text.compress_block
                0x8003c4d0      0x4d8 /opt/devkitppc/libogc/lib/wii/libz.a(trees.o)
 .text.build_tree
                0x8003c9a8      0x5e8 /opt/devkitppc/libogc/lib/wii/libz.a(trees.o)
 .text.bi_flush
                0x8003cf90       0x88 /opt/devkitppc/libogc/lib/wii/libz.a(trees.o)
 .text._tr_align
                0x8003d018      0x288 /opt/devkitppc/libogc/lib/wii/libz.a(trees.o)
                0x8003d018                _tr_align
 .text.bi_windup
                0x8003d2a0       0x80 /opt/devkitppc/libogc/lib/wii/libz.a(trees.o)
 .text._tr_stored_block
                0x8003d320      0x150 /opt/devkitppc/libogc/lib/wii/libz.a(trees.o)
                0x8003d320                _tr_stored_block
 .text._tr_flush_block
                0x8003d470      0x614 /opt/devkitppc/libogc/lib/wii/libz.a(trees.o)
                0x8003d470                _tr_flush_block
 .text.zcfree   0x8003da84       0x24 /opt/devkitppc/libogc/lib/wii/libz.a(zutil.o)
                0x8003da84                zcfree
 .text.zcalloc  0x8003daa8       0x24 /opt/devkitppc/libogc/lib/wii/libz.a(zutil.o)
                0x8003daa8                zcalloc
 .text.inflateReset
                0x8003dacc       0x88 /opt/devkitppc/libogc/lib/wii/libz.a(inflate.o)
                0x8003dacc                inflateReset
 .text.inflateInit2_
                0x8003db54      0x14c /opt/devkitppc/libogc/lib/wii/libz.a(inflate.o)
                0x8003db54                inflateInit2_
 .text.inflateEnd
                0x8003dca0       0x88 /opt/devkitppc/libogc/lib/wii/libz.a(inflate.o)
                0x8003dca0                inflateEnd
 .text.updatewindow
                0x8003dd28      0x1f4 /opt/devkitppc/libogc/lib/wii/libz.a(inflate.o)
 .text.inflate  0x8003df1c     0x1ae8 /opt/devkitppc/libogc/lib/wii/libz.a(inflate.o)
                0x8003df1c                inflate
 .text.inflate_table
                0x8003fa04      0x5b4 /opt/devkitppc/libogc/lib/wii/libz.a(inftrees.o)
                0x8003fa04                inflate_table
 .text.inflate_fast
                0x8003ffb8      0x5a0 /opt/devkitppc/libogc/lib/wii/libz.a(inffast.o)
                0x8003ffb8                inflate_fast
 .text.adler32  0x80040558      0x378 /opt/devkitppc/libogc/lib/wii/libz.a(adler32.o)
                0x80040558                adler32
 .text.crc32    0x800408d0      0xca0 /opt/devkitppc/libogc/lib/wii/libz.a(crc32.o)
                0x800408d0                crc32
 .text.__MEMInterruptHandler
                0x80041570       0x14 /opt/devkitppc/libogc/lib/wii/libogc.a(system.o)
 .text.__RSWDefaultHandler
                0x80041584        0x4 /opt/devkitppc/libogc/lib/wii/libogc.a(system.o)
 .text.__POWDefaultHandler
                0x80041588        0x4 /opt/devkitppc/libogc/lib/wii/libogc.a(system.o)
 .text.__sram_sync
                0x8004158c        0xc /opt/devkitppc/libogc/lib/wii/libogc.a(system.o)
 .text.__call_resetfuncs
                0x80041598       0xb0 /opt/devkitppc/libogc/lib/wii/libogc.a(system.o)
 .text.__locksram
                0x80041648       0x60 /opt/devkitppc/libogc/lib/wii/libogc.a(system.o)
 .text.__SYS_LockSramEx
                0x800416a8        0x8 /opt/devkitppc/libogc/lib/wii/libogc.a(system.o)
                0x800416a8                __SYS_LockSramEx
 .text.__SYS_GetIPCBufferLo
                0x800416b0        0xc /opt/devkitppc/libogc/lib/wii/libogc.a(system.o)
                0x800416b0                __SYS_GetIPCBufferLo
 .text.__SYS_GetIPCBufferHi
                0x800416bc        0xc /opt/devkitppc/libogc/lib/wii/libogc.a(system.o)
                0x800416bc                __SYS_GetIPCBufferHi
 .text._V_EXPORTNAME
                0x800416c8       0x24 /opt/devkitppc/libogc/lib/wii/libogc.a(system.o)
                0x800416c8                _V_EXPORTNAME
 .text.__SYS_InitCallbacks
                0x800416ec       0x30 /opt/devkitppc/libogc/lib/wii/libogc.a(system.o)
                0x800416ec                __SYS_InitCallbacks
 .text.SYS_ResetButtonDown
                0x8004171c       0x18 /opt/devkitppc/libogc/lib/wii/libogc.a(system.o)
                0x8004171c                SYS_ResetButtonDown
 .text.__STMEventHandler
                0x80041734      0x10c /opt/devkitppc/libogc/lib/wii/libogc.a(system.o)
 .text.SYS_RegisterResetFunc
                0x80041840       0x94 /opt/devkitppc/libogc/lib/wii/libogc.a(system.o)
                0x80041840                SYS_RegisterResetFunc
 .text.SYS_SetArena1Lo
                0x800418d4       0x3c /opt/devkitppc/libogc/lib/wii/libogc.a(system.o)
                0x800418d4                SYS_SetArena1Lo
 .text.SYS_GetArena1Lo
                0x80041910       0x3c /opt/devkitppc/libogc/lib/wii/libogc.a(system.o)
                0x80041910                SYS_GetArena1Lo
 .text.SYS_SetArena1Hi
                0x8004194c       0x3c /opt/devkitppc/libogc/lib/wii/libogc.a(system.o)
                0x8004194c                SYS_SetArena1Hi
 .text.SYS_GetArena1Hi
                0x80041988       0x3c /opt/devkitppc/libogc/lib/wii/libogc.a(system.o)
                0x80041988                SYS_GetArena1Hi
 .text.SYS_SetArena2Lo
                0x800419c4       0x3c /opt/devkitppc/libogc/lib/wii/libogc.a(system.o)
                0x800419c4                SYS_SetArena2Lo
 .text.SYS_GetArena2Lo
                0x80041a00       0x3c /opt/devkitppc/libogc/lib/wii/libogc.a(system.o)
                0x80041a00                SYS_GetArena2Lo
 .text.SYS_SetArena2Hi
                0x80041a3c       0x3c /opt/devkitppc/libogc/lib/wii/libogc.a(system.o)
                0x80041a3c                SYS_SetArena2Hi
 .text.SYS_GetArena2Hi
                0x80041a78       0x3c /opt/devkitppc/libogc/lib/wii/libogc.a(system.o)
                0x80041a78                SYS_GetArena2Hi
 .text.SYS_GetHollywoodRevision
                0x80041ab4       0x3c /opt/devkitppc/libogc/lib/wii/libogc.a(system.o)
                0x80041ab4                SYS_GetHollywoodRevision
 .text.__mem_onreset
                0x80041af0       0x54 /opt/devkitppc/libogc/lib/wii/libogc.a(system.o)
 .text.SYS_PreMain
                0x80041b44       0x38 /opt/devkitppc/libogc/lib/wii/libogc.a(system.o)
                0x80041b44                SYS_PreMain
 .text.__sram_init
                0x80041b7c      0x168 /opt/devkitppc/libogc/lib/wii/libogc.a(system.o)
                0x80041b7c                __sram_init
 .text.SYS_Init
                0x80041ce4      0x540 /opt/devkitppc/libogc/lib/wii/libogc.a(system.o)
                0x80041ce4                SYS_Init
 .text.__sram_write
                0x80042224      0x148 /opt/devkitppc/libogc/lib/wii/libogc.a(system.o)
 .text.__unlocksram
                0x8004236c      0x14c /opt/devkitppc/libogc/lib/wii/libogc.a(system.o)
 .text.__SYS_UnlockSramEx
                0x800424b8        0x8 /opt/devkitppc/libogc/lib/wii/libogc.a(system.o)
                0x800424b8                __SYS_UnlockSramEx
 .text.SYS_GetWirelessID
                0x800424c0       0x4c /opt/devkitppc/libogc/lib/wii/libogc.a(system.o)
                0x800424c0                SYS_GetWirelessID
 .text.SYS_SetWirelessID
                0x8004250c       0x60 /opt/devkitppc/libogc/lib/wii/libogc.a(system.o)
                0x8004250c                SYS_SetWirelessID
 .text.__sram_writecallback
                0x8004256c       0x58 /opt/devkitppc/libogc/lib/wii/libogc.a(system.o)
 .text.SYS_ResetSystem
                0x800425c4      0x234 /opt/devkitppc/libogc/lib/wii/libogc.a(system.o)
                0x800425c4                SYS_ResetSystem
 .text.SYS_CreateAlarm
                0x800427f8      0x10c /opt/devkitppc/libogc/lib/wii/libogc.a(system.o)
                0x800427f8                SYS_CreateAlarm
 .text.SYS_CancelAlarm
                0x80042904       0xb0 /opt/devkitppc/libogc/lib/wii/libogc.a(system.o)
                0x80042904                SYS_CancelAlarm
 .text.SYS_SetAlarm
                0x800429b4      0x184 /opt/devkitppc/libogc/lib/wii/libogc.a(system.o)
                0x800429b4                SYS_SetAlarm
 .text.__sys_alarmhandler
                0x80042b38      0x108 /opt/devkitppc/libogc/lib/wii/libogc.a(system.o)
 .text.__lwp_cond_init
                0x80042c40       0x30 /opt/devkitppc/libogc/lib/wii/libogc.a(cond.o)
                0x80042c40                __lwp_cond_init
 .text.__decrementer_init
                0x80042c70        0x4 /opt/devkitppc/libogc/lib/wii/libogc.a(decrementer.o)
                0x80042c70                __decrementer_init
 .text.c_decrementer_handler
                0x80042c74       0x28 /opt/devkitppc/libogc/lib/wii/libogc.a(decrementer.o)
                0x80042c74                c_decrementer_handler